[roboslot.site/index.html]
[backblue.gif]
[fade.gif]
[index.html]
[roboslot.site/fonts/glyphicons-halflings-regular.woff]
[roboslot.site/fonts/Lato-Regular.woff2]
[roboslot.site/fonts/lato-bold.woff2]
[roboslot.site/fonts/Open24DisplaySt.woff2]
[api2-rbs.tr8ngames.com/images/favicon_4569a267-9c86-4a34-bd39-70d0cab7a43d_1690709322897.png]
[roboslot.site/Content/nexus-beta-desktop-cssb5a6.css]
[roboslot.site/Content/Home/nexus-beta-desktop-css5cbc.css]
[roboslot.site/Content/Theme/nexus-beta-desktop-light-blue-css0f49.css]
[annabakerydelight.shop/wakanda/1messagebleft.min.css]
[nx-cdn.trgwl.com/Images/icons/expandf281.gif]
[nx-cdn.trgwl.com/Images/icons/collapsef281.gif]
[nx-cdn.trgwl.com/Images/icons/playf281.png]
[nx-cdn.trgwl.com/Images/jquery-ui/ui-icons_444444_256x240f281.png]
[nx-cdn.trgwl.com/Images/jquery-ui/ui-icons_555555_256x240f281.png]
[nx-cdn.trgwl.com/Images/jquery-ui/ui-icons_ffffff_256x240f281.png]
[nx-cdn.trgwl.com/Images/jquery-ui/ui-icons_777620_256x240f281.png]
[nx-cdn.trgwl.com/Images/jquery-ui/ui-icons_cc0000_256x240f281.png]
[nx-cdn.trgwl.com/Images/jquery-ui/ui-icons_777777_256x240f281.png]
[nx-cdn.trgwl.com/Images/nexus-beta/light-blue/desktop/layout/flagsf281.png]
[roboslot.site/mobile/home.html]
[api2-rbs.tr8ngames.com/images/logo_4569a267-9c86-4a34-bd39-70d0cab7a43d_1690709322897.png]
[roboslot.site/desktop/home.html]
[roboslot.site/desktop/hot-games.html]
[nx-cdn.trgwl.com/Images/nexus-beta/light-blue/desktop/providers/shortcuts/ppf281.png]
[nx-cdn.trgwl.com/Images/nexus-beta/light-blue/desktop/providers/shortcuts/trgf281.png]
[roboslot.site/desktop/slots/pragmatic.html]
[nx-cdn.trgwl.com/Images/nexus-beta/light-blue/desktop/providers/shortcuts/microgamingf281.png]
[roboslot.site/desktop/slots/microgaming.html]
[nx-cdn.trgwl.com/Images/nexus-beta/light-blue/desktop/providers/shortcuts/crowdplayf281.png]
[roboslot.site/desktop/slots/crowd-play.html]
[roboslot.site/desktop/slots/pgsoft.html]
[nx-cdn.trgwl.com/Images/nexus-beta/light-blue/desktop/providers/shortcuts/pgsoftf281.png]
[nx-cdn.trgwl.com/Images/nexus-beta/light-blue/desktop/providers/shortcuts/spribef281.png]
[roboslot.site/desktop/arcade/spribe.html]
[nx-cdn.trgwl.com/Images/nexus-beta/light-blue/desktop/providers/shortcuts/reelkingdomf281.png]
[nx-cdn.trgwl.com/Images/nexus-beta/light-blue/desktop/providers/shortcuts/g8pokerf281.png]
[nx-cdn.trgwl.com/Images/nexus-beta/light-blue/desktop/providers/shortcuts/balak4df281.png]
[roboslot.site/desktop/slots/reel-kingdom.html]
[nx-cdn.trgwl.com/Images/nexus-beta/light-blue/desktop/providers/shortcuts/advantplayf281.png]
[roboslot.site/desktop/slots.html]
[roboslot.site/desktop/slots/advantplay.html]
[nx-cdn.trgwl.com/Images/nexus-beta/light-blue/desktop/providers/shortcuts/habanerof281.png]
[nx-cdn.trgwl.com/Images/nexus-beta/light-blue/desktop/providers/shortcuts/jokerf281.png]
[roboslot.site/desktop/slots/habanero.html]
[roboslot.site/desktop/slots/joker.html]
[nx-cdn.trgwl.com/Images/nexus-beta/light-blue/desktop/providers/shortcuts/bigpotf281.png]
[roboslot.site/desktop/slots/bigpot.html]
[nx-cdn.trgwl.com/Images/nexus-beta/light-blue/desktop/providers/shortcuts/vpowerf281.png]
[roboslot.site/desktop/slots/vpower.html]
[nx-cdn.trgwl.com/Images/nexus-beta/light-blue/desktop/providers/shortcuts/fachaif281.png]
[roboslot.site/desktop/slots/fachai.html]
[nx-cdn.trgwl.com/Images/nexus-beta/light-blue/desktop/providers/shortcuts/jilif281.png]
[nx-cdn.trgwl.com/Images/nexus-beta/light-blue/desktop/providers/shortcuts/slot88f281.png]
[roboslot.site/desktop/slots/jili.html]
[roboslot.site/desktop/slots/slot88.html]
[nx-cdn.trgwl.com/Images/nexus-beta/light-blue/desktop/providers/shortcuts/pgsf281.png]
[nx-cdn.trgwl.com/Images/nexus-beta/light-blue/desktop/providers/shortcuts/ambf281.png]
[roboslot.site/desktop/slots/ion-slot.html]
[roboslot.site/desktop/slots/amb-slot.html]
[nx-cdn.trgwl.com/Images/nexus-beta/light-blue/desktop/providers/shortcuts/marioclubf281.png]
[roboslot.site/desktop/slots/mario-club.html]
[nx-cdn.trgwl.com/Images/nexus-beta/light-blue/desktop/providers/shortcuts/dragoonsoftf281.png]
[roboslot.site/desktop/slots/dragoonsoft.html]
[nx-cdn.trgwl.com/Images/nexus-beta/light-blue/desktop/providers/shortcuts/live22f281.png]
[roboslot.site/desktop/slots/live22.html]
[nx-cdn.trgwl.com/Images/nexus-beta/light-blue/desktop/providers/shortcuts/playstarf281.png]
[nx-cdn.trgwl.com/Images/nexus-beta/light-blue/desktop/providers/shortcuts/spadegamingf281.png]
[roboslot.site/desktop/slots/playstar.html]
[roboslot.site/desktop/slots/spade-gaming.html]
[nx-cdn.trgwl.com/Images/nexus-beta/light-blue/desktop/providers/shortcuts/fungamingf281.png]
[nx-cdn.trgwl.com/Images/nexus-beta/light-blue/desktop/providers/shortcuts/nagagamesf281.png]
[roboslot.site/desktop/slots/fun-gaming.html]
[roboslot.site/desktop/slots/naga-games.html]
[nx-cdn.trgwl.com/Images/nexus-beta/light-blue/desktop/providers/shortcuts/jdbf281.png]
[nx-cdn.trgwl.com/Images/nexus-beta/light-blue/desktop/providers/shortcuts/sbocq9f281.png]
[roboslot.site/desktop/slots/jdb.html]
[roboslot.site/desktop/slots/cq9.html]
[nx-cdn.trgwl.com/Images/nexus-beta/light-blue/desktop/providers/shortcuts/ttgf281.png]
[roboslot.site/desktop/slots/ttg.html]
[nx-cdn.trgwl.com/Images/nexus-beta/light-blue/desktop/providers/shortcuts/betsoftf281.png]
[roboslot.site/desktop/slots/betsoft.html]
[nx-cdn.trgwl.com/Images/nexus-beta/light-blue/desktop/providers/shortcuts/playtechf281.png]
[roboslot.site/desktop/slots/playtech.html]
[nx-cdn.trgwl.com/Images/nexus-beta/light-blue/desktop/providers/shortcuts/yggdrasilf281.png]
[roboslot.site/desktop/slots/yggdrasil.html]
[roboslot.site/desktop/slots/playngo.html]
[nx-cdn.trgwl.com/Images/nexus-beta/light-blue/desktop/providers/shortcuts/playngof281.png]
[nx-cdn.trgwl.com/Images/nexus-beta/light-blue/desktop/providers/shortcuts/onetouchf281.png]
[roboslot.site/desktop/slots/onetouch.html]
[nx-cdn.trgwl.com/Images/nexus-beta/light-blue/desktop/providers/shortcuts/sborealtimegamingf281.png]
[roboslot.site/desktop/slots/real-time-gaming.html]
[nx-cdn.trgwl.com/Images/nexus-beta/light-blue/desktop/providers/shortcuts/sboflowgamingf281.png]
[nx-cdn.trgwl.com/Images/nexus-beta/light-blue/desktop/providers/shortcuts/sbofunkygamef281.png]
[roboslot.site/desktop/slots/funky-games.html]
[roboslot.site/desktop/casino.html]
[roboslot.site/desktop/casino/pragmatic.html]
[nx-cdn.trgwl.com/Images/nexus-beta/light-blue/desktop/providers/shortcuts/pplivecasinof281.png]
[nx-cdn.trgwl.com/Images/nexus-beta/light-blue/desktop/providers/shortcuts/mglivecasinof281.png]
[nx-cdn.trgwl.com/Images/nexus-beta/light-blue/desktop/providers/shortcuts/evogamingf281.png]
[roboslot.site/desktop/casino/evo-gaming.html]
[nx-cdn.trgwl.com/Images/nexus-beta/light-blue/desktop/providers/shortcuts/sbosexybaccaratf281.png]
[nx-cdn.trgwl.com/Images/nexus-beta/light-blue/desktop/providers/shortcuts/prettygamingf281.png]
[nx-cdn.trgwl.com/Images/nexus-beta/light-blue/desktop/providers/shortcuts/agf281.png]
[nx-cdn.trgwl.com/Images/nexus-beta/light-blue/desktop/providers/shortcuts/allbetf281.png]
[nx-cdn.trgwl.com/Images/nexus-beta/light-blue/desktop/providers/shortcuts/pgslivef281.png]
[nx-cdn.trgwl.com/Images/nexus-beta/light-blue/desktop/providers/shortcuts/sagamingf281.png]
[nx-cdn.trgwl.com/Images/nexus-beta/light-blue/desktop/providers/shortcuts/ebetf281.png]
[nx-cdn.trgwl.com/Images/nexus-beta/light-blue/desktop/providers/shortcuts/dreamgamingf281.png]
[nx-cdn.trgwl.com/Images/nexus-beta/light-blue/desktop/providers/shortcuts/sbocasinof281.png]
[nx-cdn.trgwl.com/Images/nexus-beta/light-blue/desktop/providers/shortcuts/hkbf281.png]
[nx-cdn.trgwl.com/Images/nexus-beta/light-blue/desktop/providers/shortcuts/sv388f281.png]
[nx-cdn.trgwl.com/Images/nexus-beta/light-blue/desktop/providers/shortcuts/sbof281.png]
[nx-cdn.trgwl.com/Images/nexus-beta/light-blue/desktop/providers/shortcuts/ibcsportsf281.png]
[roboslot.site/desktop/sport.html]
[nx-cdn.trgwl.com/Images/nexus-beta/light-blue/desktop/providers/shortcuts/opusf281.png]
[nx-cdn.trgwl.com/Images/nexus-beta/light-blue/desktop/providers/shortcuts/wbetf281.png]
[nx-cdn.trgwl.com/Images/nexus-beta/light-blue/desktop/providers/shortcuts/imsportsbookf281.png]
[nx-cdn.trgwl.com/Images/nexus-beta/light-blue/desktop/providers/shortcuts/pinnaclef281.png]
[nx-cdn.trgwl.com/Images/nexus-beta/light-blue/desktop/providers/shortcuts/cmdf281.png]
[nx-cdn.trgwl.com/Images/nexus-beta/light-blue/desktop/providers/shortcuts/sbovirtualgamesf281.png]
[nx-cdn.trgwl.com/Images/nexus-beta/light-blue/desktop/providers/shortcuts/ppvirtualgamesf281.png]
[nx-cdn.trgwl.com/Images/nexus-beta/light-blue/desktop/providers/shortcuts/microgamingfishingf281.png]
[roboslot.site/desktop/arcade.html]
[roboslot.site/desktop/arcade/microgaming.html]
[nx-cdn.trgwl.com/Images/nexus-beta/light-blue/desktop/providers/shortcuts/crowdplayfishingf281.png]
[roboslot.site/desktop/arcade/crowd-play.html]
[nx-cdn.trgwl.com/Images/nexus-beta/light-blue/desktop/providers/shortcuts/jokerfishingf281.png]
[roboslot.site/desktop/arcade/joker.html]
[nx-cdn.trgwl.com/Images/nexus-beta/light-blue/desktop/providers/shortcuts/fachaifishingf281.png]
[roboslot.site/desktop/arcade/fachai.html]
[nx-cdn.trgwl.com/Images/nexus-beta/light-blue/desktop/providers/shortcuts/jilifishingf281.png]
[roboslot.site/desktop/arcade/jili.html]
[nx-cdn.trgwl.com/Images/nexus-beta/light-blue/desktop/providers/shortcuts/ambfishingf281.png]
[roboslot.site/desktop/arcade/amb-slot.html]
[nx-cdn.trgwl.com/Images/nexus-beta/light-blue/desktop/providers/shortcuts/vpowerfishingf281.png]
[roboslot.site/desktop/arcade/vpower.html]
[nx-cdn.trgwl.com/Images/nexus-beta/light-blue/desktop/providers/shortcuts/marioclubfishingf281.png]
[nx-cdn.trgwl.com/Images/nexus-beta/light-blue/desktop/providers/shortcuts/dragoonsoftfishingf281.png]
[roboslot.site/desktop/arcade/mario-club.html]
[roboslot.site/desktop/arcade/dragoonsoft.html]
[nx-cdn.trgwl.com/Images/nexus-beta/light-blue/desktop/providers/shortcuts/live22fishingf281.png]
[roboslot.site/desktop/arcade/live22.html]
[nx-cdn.trgwl.com/Images/nexus-beta/light-blue/desktop/providers/shortcuts/sbocq9fishingf281.png]
[roboslot.site/desktop/arcade/cq9.html]
[nx-cdn.trgwl.com/Images/nexus-beta/light-blue/desktop/providers/shortcuts/spadegamingfishingf281.png]
[roboslot.site/desktop/arcade/spade-gaming.html]
[nx-cdn.trgwl.com/Images/nexus-beta/light-blue/desktop/providers/shortcuts/fungamingfishingf281.png]
[roboslot.site/desktop/arcade/fun-gaming.html]
[nx-cdn.trgwl.com/Images/nexus-beta/light-blue/desktop/providers/shortcuts/arcadiaf281.png]
[roboslot.site/desktop/arcade/arcadia.html]
[nx-cdn.trgwl.com/Images/nexus-beta/light-blue/desktop/providers/shortcuts/playstarfishingf281.png]
[roboslot.site/desktop/arcade/playstar.html]
[nx-cdn.trgwl.com/Images/nexus-beta/light-blue/desktop/providers/shortcuts/advantplayminigamef281.png]
[roboslot.site/desktop/arcade/advantplay-mini-game.html]
[nx-cdn.trgwl.com/Images/nexus-beta/light-blue/desktop/providers/shortcuts/jdbfishingf281.png]
[nx-cdn.trgwl.com/Images/nexus-beta/light-blue/desktop/providers/shortcuts/sbofunkygamefishingf281.png]
[roboslot.site/desktop/arcade/jdb.html]
[roboslot.site/desktop/arcade/funky-games.html]
[nx-cdn.trgwl.com/Images/nexus-beta/light-blue/desktop/providers/shortcuts/ixttangkasf281.png]
[nx-cdn.trgwl.com/Images/nexus-beta/light-blue/desktop/providers/shortcuts/onepokerf281.png]
[roboslot.site/desktop/poker.html]
[nx-cdn.trgwl.com/Images/nexus-beta/light-blue/desktop/providers/shortcuts/imonef281.png]
[roboslot.site/desktop/e-sports.html]
[nx-cdn.trgwl.com/Images/nexus-beta/light-blue/desktop/providers/shortcuts/pinnacleesportsf281.png]
[nx-cdn.trgwl.com/Images/nexus-beta/light-blue/desktop/providers/shortcuts/tfgamingf281.png]
[roboslot.site/desktop/others.html]
[nx-cdn.trgwl.com/Images/banners/home/pp-kejutan-manis-desktop.gif]
[roboslot.site/desktop/promotion.html]
[nx-cdn.trgwl.com/Images/banners/home/pp-mega-gacor-juli-desktop.gif]
[nx-cdn.trgwl.com/Images/banners/home/mg-fly-terbang-dan-menangkan-desktop.gif]
[nx-cdn.trgwl.com/Images/banners/home/ionslot-cashdrop-agustus-desktop.png]
[nx-cdn.trgwl.com/Images/nexus-beta/light-blue/desktop/home/newsf281.png]
[nx-cdn.trgwl.com/Images/nexus-beta/light-blue/desktop/backgrounds/homef281.jpg]
[nx-cdn.trgwl.com/Images/nexus-beta/light-blue/desktop/home/jackpotf281.png]
[nx-cdn.trgwl.com/Images/nexus-beta/light-blue/desktop/home/new-gamesf281.png]
[nx-cdn.trgwl.com/Images/providers/PP/vs20nexusgatesf281.jpg]
[nx-cdn.trgwl.com/Images/providers/PGSOFT/PGSOFT_1513328f281.jpg]
[nx-cdn.trgwl.com/Images/providers/MICROGAMING/SMG_almightyZeusEmpiref281.jpg]
[nx-cdn.trgwl.com/Images/providers/ADVANTPLAY/AdvantPlay_10033f281.jpg]
[nx-cdn.trgwl.com/Images/providers/HABANERO/SGTootyFruityFruitsf281.jpg]
[nx-cdn.trgwl.com/Images/providers/CROWDPLAY/Pawhouse2f281.jpg]
[nx-cdn.trgwl.com/Images/nexus-beta/light-blue/desktop/home/popular-gamesf281.png]
[nx-cdn.trgwl.com/Images/providers/PP/vs20olympgatef281.jpg]
[nx-cdn.trgwl.com/Images/providers/PGSOFT/mahjong-ways2f281.jpg]
[nx-cdn.trgwl.com/Images/providers/MICROGAMING/SMG_luckyTwinsNexusf281.jpg]
[nx-cdn.trgwl.com/Images/providers/ADVANTPLAY/AdvantPlay_10022f281.jpg]
[nx-cdn.trgwl.com/Images/providers/HABANERO/SGHotHotFruitf281.jpg]
[nx-cdn.trgwl.com/Images/providers/CROWDPLAY/MoneyTreef281.jpg]
[nx-cdn.trgwl.com/Images/nexus-beta/light-blue/desktop/home/jackpot-gamesf281.png]
[nx-cdn.trgwl.com/Images/providers/PP/vsprg20olympusf281.jpg]
[nx-cdn.trgwl.com/Images/providers/PP/vsprg20fruitswf281.jpg]
[nx-cdn.trgwl.com/Images/providers/PP/vsprg20starprf281.jpg]
[nx-cdn.trgwl.com/Images/providers/MICROGAMING/SMG_squealinRichesf281.jpg]
[nx-cdn.trgwl.com/Images/providers/MICROGAMING/SMG_9masksOfFireHyperSpinsf281.jpg]
[nx-cdn.trgwl.com/Images/providers/MICROGAMING/SMG_breakAwayLuckyWildsf281.jpg]
[nx-cdn.trgwl.com/Images/nexus-beta/light-blue/desktop/home/download-apk-backgroundf281.png]
[nx-cdn.trgwl.com/Images/nexus-beta/light-blue/desktop/home/download-apk-phonef281.png]
[nx-cdn.trgwl.com/Images/apk-qrcodes/RBSf281.jpg]
[nx-cdn.trgwl.com/Images/nexus-beta/light-blue/desktop/home/download-android-buttonf281.png]
[nx-cdn.trgwl.com/Images/nexus-beta/light-blue/desktop/layout/icon-spritef281.png]
[api2-rbs.tr8ngames.com/images/BCA_e1bab23f-dda6-4835-b3ce-d5039f28546c_1685113964577.png]
[api2-rbs.tr8ngames.com/images/BNI_3d30334c-d871-46fb-80b3-0fcb12f99b87_1690490727823.png]
[api2-rbs.tr8ngames.com/images/BRI_a458ab91-91a3-49ac-98b3-1bfc5d1966bd_1684223336037.png]
[api2-rbs.tr8ngames.com/images/MANDIRI_ec4427ff-2e6e-4657-a2fe-b3702bc15e7c_1685113705897.png]
[nx-cdn.trgwl.com/Images/nexus-beta/light-blue/desktop/layout/footer/nexus-enginef281.png]
[nx-cdn.trgwl.com/Images/nexus-beta/light-blue/desktop/layout/footer/nexus-engine-activef281.png]
[nx-cdn.trgwl.com/Images/nexus-beta/light-blue/desktop/layout/footer/gambling-supportf281.png]
[nx-cdn.trgwl.com/Images/nexus-beta/light-blue/desktop/layout/footer/gambling-support-activef281.png]
[nx-cdn.trgwl.com/Images/nexus-beta/light-blue/desktop/layout/footer/18-plusf281.png]
[nx-cdn.trgwl.com/Images/nexus-beta/light-blue/desktop/layout/footer/18-plus-activef281.png]
[nx-cdn.trgwl.com/Images/nexus-beta/light-blue/desktop/layout/footer/chromef281.png]
[nx-cdn.trgwl.com/Images/nexus-beta/light-blue/desktop/layout/footer/chrome-activef281.png]
[nx-cdn.trgwl.com/Images/nexus-beta/light-blue/desktop/layout/footer/edgef281.png]
[nx-cdn.trgwl.com/Images/nexus-beta/light-blue/desktop/layout/footer/edge-activef281.png]
[nx-cdn.trgwl.com/Images/nexus-beta/light-blue/desktop/layout/footer/firefoxf281.png]
[nx-cdn.trgwl.com/Images/nexus-beta/light-blue/desktop/layout/footer/firefox-activef281.png]
[nx-cdn.trgwl.com/Images/nexus-beta/light-blue/desktop/layout/providers/ppf281.png]
[nx-cdn.trgwl.com/Images/nexus-beta/light-blue/desktop/layout/providers/pp-activef281.png]
[nx-cdn.trgwl.com/Images/nexus-beta/light-blue/desktop/layout/providers/playtechf281.png]
[nx-cdn.trgwl.com/Images/nexus-beta/light-blue/desktop/layout/providers/playtech-activef281.png]
[nx-cdn.trgwl.com/Images/nexus-beta/light-blue/desktop/layout/providers/jokerf281.png]
[nx-cdn.trgwl.com/Images/nexus-beta/light-blue/desktop/layout/providers/joker-activef281.png]
[nx-cdn.trgwl.com/Images/nexus-beta/light-blue/desktop/layout/providers/pgsoftf281.png]
[nx-cdn.trgwl.com/Images/nexus-beta/light-blue/desktop/layout/providers/pgsoft-activef281.png]
[nx-cdn.trgwl.com/Images/nexus-beta/light-blue/desktop/layout/providers/cq9f281.png]
[nx-cdn.trgwl.com/Images/nexus-beta/light-blue/desktop/layout/providers/cq9-activef281.png]
[nx-cdn.trgwl.com/Images/nexus-beta/light-blue/desktop/layout/providers/habanerof281.png]
[nx-cdn.trgwl.com/Images/nexus-beta/light-blue/desktop/layout/providers/habanero-activef281.png]
[nx-cdn.trgwl.com/Images/nexus-beta/light-blue/desktop/layout/providers/microgamingf281.png]
[nx-cdn.trgwl.com/Images/nexus-beta/light-blue/desktop/layout/providers/microgaming-activef281.png]
[nx-cdn.trgwl.com/Images/nexus-beta/light-blue/desktop/layout/providers/playngof281.png]
[nx-cdn.trgwl.com/Images/nexus-beta/light-blue/desktop/layout/providers/playngo-activef281.png]
[nx-cdn.trgwl.com/Images/nexus-beta/light-blue/desktop/layout/providers/rtgf281.png]
[nx-cdn.trgwl.com/Images/nexus-beta/light-blue/desktop/layout/providers/rtg-activef281.png]
[nx-cdn.trgwl.com/Images/nexus-beta/light-blue/desktop/layout/providers/flow-gamingf281.png]
[nx-cdn.trgwl.com/Images/nexus-beta/light-blue/desktop/layout/providers/flow-gaming-activef281.png]
[nx-cdn.trgwl.com/Images/nexus-beta/light-blue/desktop/layout/providers/spade-gamingf281.png]
[nx-cdn.trgwl.com/Images/nexus-beta/light-blue/desktop/layout/providers/spade-gaming-activef281.png]
[nx-cdn.trgwl.com/Images/nexus-beta/light-blue/desktop/layout/providers/one-touchf281.png]
[nx-cdn.trgwl.com/Images/nexus-beta/light-blue/desktop/layout/providers/one-touch-activef281.png]
[nx-cdn.trgwl.com/Images/nexus-beta/light-blue/desktop/layout/providers/slot88f281.png]
[nx-cdn.trgwl.com/Images/nexus-beta/light-blue/desktop/layout/providers/slot88-activef281.png]
[nx-cdn.trgwl.com/Images/nexus-beta/light-blue/desktop/layout/providers/yggdrasilf281.png]
[nx-cdn.trgwl.com/Images/nexus-beta/light-blue/desktop/layout/providers/yggdrasil-activef281.png]
[nx-cdn.trgwl.com/Images/nexus-beta/light-blue/desktop/layout/providers/live22f281.png]
[nx-cdn.trgwl.com/Images/nexus-beta/light-blue/desktop/layout/providers/live22-activef281.png]
[nx-cdn.trgwl.com/Images/nexus-beta/light-blue/desktop/layout/providers/ion-slotf281.png]
[nx-cdn.trgwl.com/Images/nexus-beta/light-blue/desktop/layout/providers/ion-slot-activef281.png]
[nx-cdn.trgwl.com/Images/nexus-beta/light-blue/desktop/layout/providers/jdbf281.png]
[nx-cdn.trgwl.com/Images/nexus-beta/light-blue/desktop/layout/providers/jdb-activef281.png]
[nx-cdn.trgwl.com/Images/nexus-beta/light-blue/desktop/layout/providers/advantplayf281.png]
[nx-cdn.trgwl.com/Images/nexus-beta/light-blue/desktop/layout/providers/advantplay-activef281.png]
[nx-cdn.trgwl.com/Images/nexus-beta/light-blue/desktop/layout/providers/amb-slotf281.png]
[nx-cdn.trgwl.com/Images/nexus-beta/light-blue/desktop/layout/providers/amb-slot-activef281.png]
[nx-cdn.trgwl.com/Images/nexus-beta/light-blue/desktop/layout/providers/playstarf281.png]
[nx-cdn.trgwl.com/Images/nexus-beta/light-blue/desktop/layout/providers/playstar-activef281.png]
[nx-cdn.trgwl.com/Images/nexus-beta/light-blue/desktop/layout/providers/ttgf281.png]
[nx-cdn.trgwl.com/Images/nexus-beta/light-blue/desktop/layout/providers/ttg-activef281.png]
[nx-cdn.trgwl.com/Images/nexus-beta/light-blue/desktop/layout/providers/betsoftf281.png]
[nx-cdn.trgwl.com/Images/nexus-beta/light-blue/desktop/layout/providers/betsoft-activef281.png]
[nx-cdn.trgwl.com/Images/nexus-beta/light-blue/desktop/layout/providers/jilif281.png]
[nx-cdn.trgwl.com/Images/nexus-beta/light-blue/desktop/layout/providers/jili-activef281.png]
[nx-cdn.trgwl.com/Images/nexus-beta/light-blue/desktop/layout/providers/funky-gamesf281.png]
[nx-cdn.trgwl.com/Images/nexus-beta/light-blue/desktop/layout/providers/funky-games-activef281.png]
[nx-cdn.trgwl.com/Images/nexus-beta/light-blue/desktop/layout/providers/reel-kingdomf281.png]
[nx-cdn.trgwl.com/Images/nexus-beta/light-blue/desktop/layout/providers/reel-kingdom-activef281.png]
[nx-cdn.trgwl.com/Images/nexus-beta/light-blue/desktop/layout/providers/fachaif281.png]
[nx-cdn.trgwl.com/Images/nexus-beta/light-blue/desktop/layout/providers/fachai-activef281.png]
[nx-cdn.trgwl.com/Images/nexus-beta/light-blue/desktop/layout/providers/crowd-playf281.png]
[nx-cdn.trgwl.com/Images/nexus-beta/light-blue/desktop/layout/providers/crowd-play-activef281.png]
[nx-cdn.trgwl.com/Images/nexus-beta/light-blue/desktop/layout/providers/bigpotf281.png]
[nx-cdn.trgwl.com/Images/nexus-beta/light-blue/desktop/layout/providers/bigpot-activef281.png]
[nx-cdn.trgwl.com/Images/nexus-beta/light-blue/desktop/layout/providers/vpowerf281.png]
[nx-cdn.trgwl.com/Images/nexus-beta/light-blue/desktop/layout/providers/vpower-activef281.png]
[nx-cdn.trgwl.com/Images/nexus-beta/light-blue/desktop/layout/providers/fun-gamingf281.png]
[nx-cdn.trgwl.com/Images/nexus-beta/light-blue/desktop/layout/providers/fun-gaming-activef281.png]
[nx-cdn.trgwl.com/Images/nexus-beta/light-blue/desktop/layout/providers/dragoonsoftf281.png]
[nx-cdn.trgwl.com/Images/nexus-beta/light-blue/desktop/layout/providers/dragoonsoft-activef281.png]
[nx-cdn.trgwl.com/Images/nexus-beta/light-blue/desktop/layout/providers/mario-clubf281.png]
[nx-cdn.trgwl.com/Images/nexus-beta/light-blue/desktop/layout/providers/mario-club-activef281.png]
[nx-cdn.trgwl.com/Images/nexus-beta/light-blue/desktop/layout/providers/naga-gamesf281.png]
[nx-cdn.trgwl.com/Images/nexus-beta/light-blue/desktop/layout/providers/naga-games-activef281.png]
[nx-cdn.trgwl.com/Images/nexus-beta/light-blue/desktop/layout/providers/trgf281.png]
[nx-cdn.trgwl.com/Images/nexus-beta/light-blue/desktop/layout/providers/trg-activef281.png]
[nx-cdn.trgwl.com/Images/nexus-beta/light-blue/desktop/layout/providers/568winf281.png]
[nx-cdn.trgwl.com/Images/nexus-beta/light-blue/desktop/layout/providers/568win-activef281.png]
[nx-cdn.trgwl.com/Images/nexus-beta/light-blue/desktop/layout/providers/agf281.png]
[nx-cdn.trgwl.com/Images/nexus-beta/light-blue/desktop/layout/providers/ag-activef281.png]
[nx-cdn.trgwl.com/Images/nexus-beta/light-blue/desktop/layout/providers/sexy-baccaratf281.png]
[nx-cdn.trgwl.com/Images/nexus-beta/light-blue/desktop/layout/providers/sexy-baccarat-activef281.png]
[nx-cdn.trgwl.com/Images/nexus-beta/light-blue/desktop/layout/providers/evo-gamingf281.png]
[nx-cdn.trgwl.com/Images/nexus-beta/light-blue/desktop/layout/providers/evo-gaming-activef281.png]
[nx-cdn.trgwl.com/Images/nexus-beta/light-blue/desktop/layout/providers/pretty-gamingf281.png]
[nx-cdn.trgwl.com/Images/nexus-beta/light-blue/desktop/layout/providers/pretty-gaming-activef281.png]
[nx-cdn.trgwl.com/Images/nexus-beta/light-blue/desktop/layout/providers/dream-gamingf281.png]
[nx-cdn.trgwl.com/Images/nexus-beta/light-blue/desktop/layout/providers/dream-gaming-activef281.png]
[nx-cdn.trgwl.com/Images/nexus-beta/light-blue/desktop/layout/providers/allbetf281.png]
[nx-cdn.trgwl.com/Images/nexus-beta/light-blue/desktop/layout/providers/allbet-activef281.png]
[nx-cdn.trgwl.com/Images/nexus-beta/light-blue/desktop/layout/providers/sv388f281.png]
[nx-cdn.trgwl.com/Images/nexus-beta/light-blue/desktop/layout/providers/sv388-activef281.png]
[nx-cdn.trgwl.com/Images/nexus-beta/light-blue/desktop/layout/providers/pgs-livef281.png]
[nx-cdn.trgwl.com/Images/nexus-beta/light-blue/desktop/layout/providers/pgs-live-activef281.png]
[nx-cdn.trgwl.com/Images/nexus-beta/light-blue/desktop/layout/providers/mg-livef281.png]
[nx-cdn.trgwl.com/Images/nexus-beta/light-blue/desktop/layout/providers/mg-live-activef281.png]
[nx-cdn.trgwl.com/Images/nexus-beta/light-blue/desktop/layout/providers/sa-gamingf281.png]
[nx-cdn.trgwl.com/Images/nexus-beta/light-blue/desktop/layout/providers/sa-gaming-activef281.png]
[nx-cdn.trgwl.com/Images/nexus-beta/light-blue/desktop/layout/providers/ebetf281.png]
[nx-cdn.trgwl.com/Images/nexus-beta/light-blue/desktop/layout/providers/ebet-activef281.png]
[nx-cdn.trgwl.com/Images/nexus-beta/light-blue/desktop/layout/providers/hkbf281.png]
[nx-cdn.trgwl.com/Images/nexus-beta/light-blue/desktop/layout/providers/hkb-activef281.png]
[nx-cdn.trgwl.com/Images/nexus-beta/light-blue/desktop/layout/providers/sbof281.png]
[nx-cdn.trgwl.com/Images/nexus-beta/light-blue/desktop/layout/providers/sbo-activef281.png]
[nx-cdn.trgwl.com/Images/nexus-beta/light-blue/desktop/layout/providers/ibc-sportsf281.png]
[nx-cdn.trgwl.com/Images/nexus-beta/light-blue/desktop/layout/providers/ibc-sports-activef281.png]
[nx-cdn.trgwl.com/Images/nexus-beta/light-blue/desktop/layout/providers/pinnaclef281.png]
[nx-cdn.trgwl.com/Images/nexus-beta/light-blue/desktop/layout/providers/pinnacle-activef281.png]
[nx-cdn.trgwl.com/Images/nexus-beta/light-blue/desktop/layout/providers/wbetf281.png]
[nx-cdn.trgwl.com/Images/nexus-beta/light-blue/desktop/layout/providers/wbet-activef281.png]
[nx-cdn.trgwl.com/Images/nexus-beta/light-blue/desktop/layout/providers/opusf281.png]
[nx-cdn.trgwl.com/Images/nexus-beta/light-blue/desktop/layout/providers/opus-activef281.png]
[nx-cdn.trgwl.com/Images/nexus-beta/light-blue/desktop/layout/providers/cmdf281.png]
[nx-cdn.trgwl.com/Images/nexus-beta/light-blue/desktop/layout/providers/cmd-activef281.png]
[nx-cdn.trgwl.com/Images/nexus-beta/light-blue/desktop/layout/providers/im-sportsbookf281.png]
[nx-cdn.trgwl.com/Images/nexus-beta/light-blue/desktop/layout/providers/im-sportsbook-activef281.png]
[nx-cdn.trgwl.com/Images/nexus-beta/light-blue/desktop/layout/providers/mm-tangkasf281.png]
[nx-cdn.trgwl.com/Images/nexus-beta/light-blue/desktop/layout/providers/mm-tangkas-activef281.png]
[nx-cdn.trgwl.com/Images/nexus-beta/light-blue/desktop/layout/providers/advantplay-mini-gamef281.png]
[nx-cdn.trgwl.com/Images/nexus-beta/light-blue/desktop/layout/providers/advantplay-mini-game-activef281.png]
[nx-cdn.trgwl.com/Images/nexus-beta/light-blue/desktop/layout/providers/arcadiaf281.png]
[nx-cdn.trgwl.com/Images/nexus-beta/light-blue/desktop/layout/providers/arcadia-activef281.png]
[nx-cdn.trgwl.com/Images/nexus-beta/light-blue/desktop/layout/providers/spribef281.png]
[nx-cdn.trgwl.com/Images/nexus-beta/light-blue/desktop/layout/providers/spribe-activef281.png]
[nx-cdn.trgwl.com/Images/nexus-beta/light-blue/desktop/layout/providers/g8-pokerf281.png]
[nx-cdn.trgwl.com/Images/nexus-beta/light-blue/desktop/layout/providers/g8-poker-activef281.png]
[nx-cdn.trgwl.com/Images/nexus-beta/light-blue/desktop/layout/providers/nine-gamingf281.png]
[nx-cdn.trgwl.com/Images/nexus-beta/light-blue/desktop/layout/providers/nine-gaming-activef281.png]
[nx-cdn.trgwl.com/Images/nexus-beta/light-blue/desktop/layout/providers/tf-gamingf281.png]
[nx-cdn.trgwl.com/Images/nexus-beta/light-blue/desktop/layout/providers/tf-gaming-activef281.png]
[nx-cdn.trgwl.com/Images/nexus-beta/light-blue/desktop/layout/providers/pinnacle-esportsf281.png]
[nx-cdn.trgwl.com/Images/nexus-beta/light-blue/desktop/layout/providers/pinnacle-esports-activef281.png]
[nx-cdn.trgwl.com/Images/nexus-beta/light-blue/desktop/layout/providers/im-esportsf281.png]
[nx-cdn.trgwl.com/Images/nexus-beta/light-blue/desktop/layout/providers/im-esports-activef281.png]
[nx-cdn.trgwl.com/Images/nexus-beta/light-blue/desktop/layout/providers/nex-4df281.png]
[nx-cdn.trgwl.com/Images/nexus-beta/light-blue/desktop/layout/providers/nex-4d-activef281.png]
[nx-cdn.trgwl.com/Images/nexus-beta/light-blue/desktop/layout/forgot-password/dice-1f281.png]
[nx-cdn.trgwl.com/Images/nexus-beta/light-blue/desktop/layout/forgot-password/dice-2f281.png]
[roboslot.site/captcha.jpg]
[nx-cdn.trgwl.com/Images/nexus-beta/light-blue/desktop/layout/popup/alertf281.png]
[roboslot.site/index.html]
[roboslot.site/bundles/Home/desktop-js9d77]
[cdn.livechatinc.com/tracking.js]
[roboslot.site/fonts/glyphicons-halflings-regular.eot]
[roboslot.site/bundles/nexus-beta-desktop-js58b6]
[roboslot.site/fonts/glyphicons-halflings-regulard41d.eot]
[roboslot.site/fonts/glyphicons-halflings-regular.ttf]
[roboslot.site/fonts/glyphicons-halflings-regular.svg]
[roboslot.site/fonts/Lato-Regular.woff]
[roboslot.site/fonts/Open24DisplaySt.woff]
[roboslot.site/fonts/lato-black.woff2]
[roboslot.site/fonts/lato-black.woff]
[roboslot.site/fonts/lato-medium.woff2]
[roboslot.site/fonts/lato-medium.woff]
[roboslot.site/fonts/lato-bold.woff]
[roboslot.site/fonts/barlow-black-webfont.woff2]
[roboslot.site/fonts/barlow-black-webfont.woff]
[roboslot.site/fonts/Gilroy-Light.ttf]
[roboslot.site/Content/nexus-beta-desktop-cssb5a6.css]
[roboslot.site/Content/Home/nexus-beta-desktop-css5cbc.css]
[roboslot.site/Content/Theme/nexus-beta-desktop-light-blue-css0f49.css]
[annabakerydelight.shop/wakanda/Wakanda33_Wd_Notification_00003.png]
[annabakerydelight.shop/wakanda/1messagebleft.min.css]
[roboslot.site/Content/Home/nexus-beta-mobile-css5033.css]
[roboslot.site/Content/Theme/nexus-beta-mobile-light-blue-css3b8c.css]
[nx-cdn.trgwl.com/Images/icons/desktop-whitef281.png]
[api2-rbs.tr8ngames.com/images/logo_mobile_4569a267-9c86-4a34-bd39-70d0cab7a43d_1690709322897.png]
[roboslot.site/mobile/login.html]
[roboslot.site/mobile/register.html]
[roboslot.site/mobile/slots/pragmatic.html]
[nx-cdn.trgwl.com/Images/banners/home/pp-kejutan-manis-mobile.gif]
[nx-cdn.trgwl.com/Images/banners/home/pp-mega-gacor-juli-mobile.gif]
[nx-cdn.trgwl.com/Images/banners/home/mg-fly-terbang-dan-menangkan-mobile.gif]
[roboslot.site/mobile/slots/ion-slot.html]
[nx-cdn.trgwl.com/Images/banners/home/ionslot-cashdrop-agustus-mobile.png]
[roboslot.site/mobile/hot-games.html]
[roboslot.site/mobile/slots.html]
[roboslot.site/mobile/casino.html]
[roboslot.site/mobile/sport.html]
[roboslot.site/mobile/arcade.html]
[roboslot.site/mobile/poker.html]
[roboslot.site/mobile/e-sports.html]
[nx-cdn.trgwl.com/Images/nexus-beta/light-blue/mobile/jackpot/containerf281.jpg]
[roboslot.site/mobile/others.html]
[nx-cdn.trgwl.com/Images/nexus-beta/light-blue/mobile/layout/popular-gamesf281.png]
[nx-cdn.trgwl.com/Images/nexus-beta/light-blue/mobile/layout/download-appf281.png]
[nx-cdn.trgwl.com/Images/nexus-beta/light-blue/mobile/home/android-logof281.png]
[roboslot.site/mobile/about-us.html]
[roboslot.site/mobile/responsible-gaming.html]
[roboslot.site/mobile/faq.html]
[nx-cdn.trgwl.com/Images/nexus-beta/light-blue/mobile/layout/nexus-enginef281.png]
[roboslot.site/mobile/terms-of-use.html]
[roboslot.site/mobile/promotion.html]
[roboslot.site/mobile/contact-us.html]
[roboslot.site/mobile/slots/microgaming.html]
[roboslot.site/mobile/slots/crowd-play.html]
[roboslot.site/mobile/slots/pgsoft.html]
[roboslot.site/mobile/arcade/spribe.html]
[roboslot.site/mobile/slots/reel-kingdom.html]
[roboslot.site/mobile/slots/advantplay.html]
[roboslot.site/mobile/slots/habanero.html]
[roboslot.site/mobile/slots/joker.html]
[roboslot.site/mobile/slots/bigpot.html]
[roboslot.site/mobile/slots/vpower.html]
[roboslot.site/mobile/slots/fachai.html]
[roboslot.site/mobile/slots/jili.html]
[roboslot.site/mobile/slots/slot88.html]
[roboslot.site/mobile/slots/amb-slot.html]
[roboslot.site/mobile/slots/mario-club.html]
[roboslot.site/mobile/slots/dragoonsoft.html]
[roboslot.site/mobile/slots/live22.html]
[roboslot.site/mobile/slots/playstar.html]
[roboslot.site/mobile/slots/spade-gaming.html]
[roboslot.site/mobile/slots/fun-gaming.html]
[roboslot.site/mobile/slots/naga-games.html]
[roboslot.site/mobile/slots/jdb.html]
[roboslot.site/mobile/slots/cq9.html]
[roboslot.site/mobile/slots/ttg.html]
[roboslot.site/mobile/slots/betsoft.html]
[roboslot.site/mobile/slots/playtech.html]
[roboslot.site/mobile/slots/yggdrasil.html]
[roboslot.site/mobile/slots/playngo.html]
[roboslot.site/mobile/slots/onetouch.html]
[roboslot.site/mobile/slots/real-time-gaming.html]
[roboslot.site/mobile/slots/funky-games.html]
[roboslot.site/mobile/casino/pragmatic.html]
[roboslot.site/mobile/casino/evo-gaming.html]
[roboslot.site/mobile/arcade/microgaming.html]
[roboslot.site/mobile/arcade/crowd-play.html]
[roboslot.site/mobile/arcade/joker.html]
[roboslot.site/mobile/arcade/fachai.html]
[roboslot.site/mobile/arcade/jili.html]
[roboslot.site/mobile/arcade/amb-slot.html]
[roboslot.site/mobile/arcade/vpower.html]
[roboslot.site/mobile/arcade/mario-club.html]
[roboslot.site/mobile/arcade/dragoonsoft.html]
[roboslot.site/mobile/arcade/live22.html]
[roboslot.site/mobile/arcade/cq9.html]
[roboslot.site/mobile/arcade/spade-gaming.html]
[roboslot.site/mobile/arcade/fun-gaming.html]
[roboslot.site/mobile/arcade/arcadia.html]
[roboslot.site/mobile/arcade/playstar.html]
[roboslot.site/mobile/arcade/advantplay-mini-game.html]
[roboslot.site/mobile/arcade/jdb.html]
[roboslot.site/mobile/arcade/funky-games.html]
[roboslot.site/mobile/home.html]
[roboslot.site/desktop/home.html]
[nx-cdn.trgwl.com/Images/nexus-beta/light-blue/desktop/providers/icons/hot-games/ppf281.png]
[nx-cdn.trgwl.com/Images/nexus-beta/light-blue/desktop/providers/icons/hot-games/trgf281.png]
[nx-cdn.trgwl.com/Images/nexus-beta/light-blue/desktop/providers/icons/hot-games/microgamingf281.png]
[roboslot.site/desktop/casino/ion-casino.html]
[nx-cdn.trgwl.com/Images/nexus-beta/light-blue/desktop/providers/icons/hot-games/crowdplayf281.png]
[roboslot.site/bundles/Home/nexus-beta-mobile-js402e]
[nx-cdn.trgwl.com/Images/nexus-beta/light-blue/desktop/providers/icons/hot-games/pgsoftf281.png]
[nx-cdn.trgwl.com/Images/nexus-beta/light-blue/desktop/providers/icons/hot-games/spribef281.png]
[nx-cdn.trgwl.com/Images/nexus-beta/light-blue/desktop/providers/icons/hot-games/reelkingdomf281.png]
[nx-cdn.trgwl.com/Images/nexus-beta/light-blue/desktop/providers/icons/hot-games/g8pokerf281.png]
[nx-cdn.trgwl.com/Images/nexus-beta/light-blue/desktop/providers/icons/hot-games/balak4df281.png]
[roboslot.site/desktop/hot-games.html]
[roboslot.site/desktop/poker/balak-play.html]
[roboslot.site/Content/Slots/nexus-beta-desktop-csse96c.css]
[nx-cdn.trgwl.com/Images/nexus-beta/light-blue/desktop/backgrounds/slotsf281.jpg]
[roboslot.site/desktop/others/nex-4d.html]
[nx-cdn.trgwl.com/Images/nexus-beta/light-blue/desktop/providers/banners/slots/bannerf281.png]
[nx-cdn.trgwl.com/Images/nexus-beta/light-blue/desktop/decorations/coins/coin-4f281.png]
[nx-cdn.trgwl.com/Images/nexus-beta/light-blue/desktop/decorations/coins/coin-5f281.png]
[nx-cdn.trgwl.com/Images/nexus-beta/light-blue/desktop/decorations/coins/coin-6f281.png]
[nx-cdn.trgwl.com/Images/nexus-beta/light-blue/desktop/jackpot/backgroundf281.png]
[nx-cdn.trgwl.com/Images/nexus-beta/light-blue/desktop/providers/tabs/slots/PPf281.png]
[nx-cdn.trgwl.com/Images/nexus-beta/light-blue/desktop/providers/tabs/slots/PP-activef281.png]
[nx-cdn.trgwl.com/Images/nexus-beta/light-blue/desktop/providers/tabs/slots/MICROGAMINGf281.png]
[nx-cdn.trgwl.com/Images/nexus-beta/light-blue/desktop/providers/tabs/slots/MICROGAMING-activef281.png]
[nx-cdn.trgwl.com/Images/nexus-beta/light-blue/desktop/providers/tabs/slots/PGSOFTf281.png]
[nx-cdn.trgwl.com/Images/nexus-beta/light-blue/desktop/providers/tabs/slots/PGSOFT-activef281.png]
[nx-cdn.trgwl.com/Images/nexus-beta/light-blue/desktop/providers/tabs/slots/REELKINGDOMf281.png]
[nx-cdn.trgwl.com/Images/nexus-beta/light-blue/desktop/providers/tabs/slots/REELKINGDOM-activef281.png]
[nx-cdn.trgwl.com/Images/nexus-beta/light-blue/desktop/providers/tabs/slots/ADVANTPLAYf281.png]
[nx-cdn.trgwl.com/Images/nexus-beta/light-blue/desktop/providers/tabs/slots/ADVANTPLAY-activef281.png]
[nx-cdn.trgwl.com/Images/nexus-beta/light-blue/desktop/providers/tabs/slots/CROWDPLAYf281.png]
[nx-cdn.trgwl.com/Images/nexus-beta/light-blue/desktop/providers/tabs/slots/CROWDPLAY-activef281.png]
[nx-cdn.trgwl.com/Images/nexus-beta/light-blue/desktop/providers/tabs/slots/HABANEROf281.png]
[nx-cdn.trgwl.com/Images/nexus-beta/light-blue/desktop/providers/tabs/slots/HABANERO-activef281.png]
[nx-cdn.trgwl.com/Images/nexus-beta/light-blue/desktop/providers/tabs/slots/JOKERf281.png]
[nx-cdn.trgwl.com/Images/nexus-beta/light-blue/desktop/providers/tabs/slots/JOKER-activef281.png]
[nx-cdn.trgwl.com/Images/nexus-beta/light-blue/desktop/providers/tabs/slots/BIGPOTf281.png]
[nx-cdn.trgwl.com/Images/nexus-beta/light-blue/desktop/providers/tabs/slots/BIGPOT-activef281.png]
[nx-cdn.trgwl.com/Images/nexus-beta/light-blue/desktop/providers/tabs/slots/VPOWERf281.png]
[nx-cdn.trgwl.com/Images/nexus-beta/light-blue/desktop/providers/tabs/slots/VPOWER-activef281.png]
[nx-cdn.trgwl.com/Images/nexus-beta/light-blue/desktop/providers/tabs/slots/FACHAIf281.png]
[nx-cdn.trgwl.com/Images/nexus-beta/light-blue/desktop/providers/tabs/slots/FACHAI-activef281.png]
[nx-cdn.trgwl.com/Images/nexus-beta/light-blue/desktop/providers/tabs/slots/JILIf281.png]
[nx-cdn.trgwl.com/Images/nexus-beta/light-blue/desktop/providers/tabs/slots/JILI-activef281.png]
[nx-cdn.trgwl.com/Images/nexus-beta/light-blue/desktop/providers/tabs/slots/SLOT88f281.png]
[nx-cdn.trgwl.com/Images/nexus-beta/light-blue/desktop/providers/tabs/slots/SLOT88-activef281.png]
[nx-cdn.trgwl.com/Images/nexus-beta/light-blue/desktop/providers/tabs/slots/PGSf281.png]
[nx-cdn.trgwl.com/Images/nexus-beta/light-blue/desktop/providers/tabs/slots/PGS-activef281.png]
[nx-cdn.trgwl.com/Images/nexus-beta/light-blue/desktop/providers/tabs/slots/AMBf281.png]
[nx-cdn.trgwl.com/Images/nexus-beta/light-blue/desktop/providers/tabs/slots/AMB-activef281.png]
[nx-cdn.trgwl.com/Images/nexus-beta/light-blue/desktop/providers/tabs/slots/MARIOCLUBf281.png]
[nx-cdn.trgwl.com/Images/nexus-beta/light-blue/desktop/providers/tabs/slots/MARIOCLUB-activef281.png]
[nx-cdn.trgwl.com/Images/nexus-beta/light-blue/desktop/providers/tabs/slots/DRAGOONSOFTf281.png]
[nx-cdn.trgwl.com/Images/nexus-beta/light-blue/desktop/providers/tabs/slots/DRAGOONSOFT-activef281.png]
[nx-cdn.trgwl.com/Images/nexus-beta/light-blue/desktop/providers/tabs/slots/LIVE22f281.png]
[nx-cdn.trgwl.com/Images/nexus-beta/light-blue/desktop/providers/tabs/slots/LIVE22-activef281.png]
[nx-cdn.trgwl.com/Images/nexus-beta/light-blue/desktop/providers/tabs/slots/PLAYSTARf281.png]
[nx-cdn.trgwl.com/Images/nexus-beta/light-blue/desktop/providers/tabs/slots/PLAYSTAR-activef281.png]
[nx-cdn.trgwl.com/Images/nexus-beta/light-blue/desktop/providers/tabs/slots/SPADEGAMINGf281.png]
[nx-cdn.trgwl.com/Images/nexus-beta/light-blue/desktop/providers/tabs/slots/SPADEGAMING-activef281.png]
[nx-cdn.trgwl.com/Images/nexus-beta/light-blue/desktop/providers/tabs/slots/FUNGAMINGf281.png]
[nx-cdn.trgwl.com/Images/nexus-beta/light-blue/desktop/providers/tabs/slots/FUNGAMING-activef281.png]
[nx-cdn.trgwl.com/Images/nexus-beta/light-blue/desktop/providers/tabs/slots/NAGAGAMESf281.png]
[nx-cdn.trgwl.com/Images/nexus-beta/light-blue/desktop/providers/tabs/slots/NAGAGAMES-activef281.png]
[nx-cdn.trgwl.com/Images/nexus-beta/light-blue/desktop/providers/tabs/slots/JDBf281.png]
[nx-cdn.trgwl.com/Images/nexus-beta/light-blue/desktop/providers/tabs/slots/JDB-activef281.png]
[nx-cdn.trgwl.com/Images/nexus-beta/light-blue/desktop/providers/tabs/slots/SBOCQ9f281.png]
[nx-cdn.trgwl.com/Images/nexus-beta/light-blue/desktop/providers/tabs/slots/SBOCQ9-activef281.png]
[nx-cdn.trgwl.com/Images/nexus-beta/light-blue/desktop/providers/tabs/slots/TTGf281.png]
[nx-cdn.trgwl.com/Images/nexus-beta/light-blue/desktop/providers/tabs/slots/TTG-activef281.png]
[nx-cdn.trgwl.com/Images/nexus-beta/light-blue/desktop/providers/tabs/slots/BETSOFTf281.png]
[nx-cdn.trgwl.com/Images/nexus-beta/light-blue/desktop/providers/tabs/slots/BETSOFT-activef281.png]
[nx-cdn.trgwl.com/Images/nexus-beta/light-blue/desktop/providers/tabs/slots/PLAYTECHf281.png]
[nx-cdn.trgwl.com/Images/nexus-beta/light-blue/desktop/providers/tabs/slots/PLAYTECH-activef281.png]
[nx-cdn.trgwl.com/Images/nexus-beta/light-blue/desktop/providers/tabs/slots/YGGDRASILf281.png]
[nx-cdn.trgwl.com/Images/nexus-beta/light-blue/desktop/providers/tabs/slots/YGGDRASIL-activef281.png]
[nx-cdn.trgwl.com/Images/nexus-beta/light-blue/desktop/providers/tabs/slots/PLAYNGOf281.png]
[nx-cdn.trgwl.com/Images/nexus-beta/light-blue/desktop/providers/tabs/slots/PLAYNGO-activef281.png]
[nx-cdn.trgwl.com/Images/nexus-beta/light-blue/desktop/providers/tabs/slots/ONETOUCHf281.png]
[nx-cdn.trgwl.com/Images/nexus-beta/light-blue/desktop/providers/tabs/slots/ONETOUCH-activef281.png]
[nx-cdn.trgwl.com/Images/nexus-beta/light-blue/desktop/providers/tabs/slots/SBOREALTIMEGAMINGf281.png]
[nx-cdn.trgwl.com/Images/nexus-beta/light-blue/desktop/providers/tabs/slots/SBOREALTIMEGAMING-activef281.png]
[nx-cdn.trgwl.com/Images/nexus-beta/light-blue/desktop/providers/tabs/slots/SBOFLOWGAMINGf281.png]
[nx-cdn.trgwl.com/Images/nexus-beta/light-blue/desktop/providers/tabs/slots/SBOFLOWGAMING-activef281.png]
[nx-cdn.trgwl.com/Images/nexus-beta/light-blue/desktop/providers/tabs/slots/SBOFUNKYGAMEf281.png]
[roboslot.site/desktop/slots/flow-gaming.html]
[nx-cdn.trgwl.com/Images/nexus-beta/light-blue/desktop/providers/tabs/slots/SBOFUNKYGAME-activef281.png]
[roboslot.site/desktop/slots/pragmatic.html]
[roboslot.site/desktop/slots/microgaming.html]
[roboslot.site/desktop/slots/crowd-play.html]
[roboslot.site/desktop/slots/pgsoft.html]
[roboslot.site/Content/Arcade/nexus-beta-desktop-css5904.css]
[nx-cdn.trgwl.com/Images/nexus-beta/light-blue/desktop/backgrounds/arcadef281.jpg]
[nx-cdn.trgwl.com/Images/nexus-beta/light-blue/desktop/providers/banners/arcade/bannerf281.png]
[roboslot.site/bundles/Slots/nexus-beta-desktop-js1cd1]
[nx-cdn.trgwl.com/Images/nexus-beta/light-blue/desktop/decorations/coins/coin-1f281.png]
[nx-cdn.trgwl.com/Images/nexus-beta/light-blue/desktop/decorations/coins/coin-2f281.png]
[nx-cdn.trgwl.com/Images/nexus-beta/light-blue/desktop/decorations/coins/coin-3f281.png]
[nx-cdn.trgwl.com/Images/nexus-beta/light-blue/desktop/providers/tabs/arcade/MICROGAMINGf281.png]
[nx-cdn.trgwl.com/Images/nexus-beta/light-blue/desktop/providers/tabs/arcade/MICROGAMING-activef281.png]
[nx-cdn.trgwl.com/Images/nexus-beta/light-blue/desktop/providers/tabs/arcade/CROWDPLAYf281.png]
[nx-cdn.trgwl.com/Images/nexus-beta/light-blue/desktop/providers/tabs/arcade/CROWDPLAY-activef281.png]
[nx-cdn.trgwl.com/Images/nexus-beta/light-blue/desktop/providers/tabs/arcade/SPRIBEf281.png]
[nx-cdn.trgwl.com/Images/nexus-beta/light-blue/desktop/providers/tabs/arcade/SPRIBE-activef281.png]
[nx-cdn.trgwl.com/Images/nexus-beta/light-blue/desktop/providers/tabs/arcade/JOKERf281.png]
[nx-cdn.trgwl.com/Images/nexus-beta/light-blue/desktop/providers/tabs/arcade/JOKER-activef281.png]
[nx-cdn.trgwl.com/Images/nexus-beta/light-blue/desktop/providers/tabs/arcade/FACHAIf281.png]
[nx-cdn.trgwl.com/Images/nexus-beta/light-blue/desktop/providers/tabs/arcade/FACHAI-activef281.png]
[nx-cdn.trgwl.com/Images/nexus-beta/light-blue/desktop/providers/tabs/arcade/JILIf281.png]
[nx-cdn.trgwl.com/Images/nexus-beta/light-blue/desktop/providers/tabs/arcade/JILI-activef281.png]
[nx-cdn.trgwl.com/Images/nexus-beta/light-blue/desktop/providers/tabs/arcade/AMBf281.png]
[nx-cdn.trgwl.com/Images/nexus-beta/light-blue/desktop/providers/tabs/arcade/AMB-activef281.png]
[nx-cdn.trgwl.com/Images/nexus-beta/light-blue/desktop/providers/tabs/arcade/VPOWERf281.png]
[nx-cdn.trgwl.com/Images/nexus-beta/light-blue/desktop/providers/tabs/arcade/VPOWER-activef281.png]
[nx-cdn.trgwl.com/Images/nexus-beta/light-blue/desktop/providers/tabs/arcade/MARIOCLUBf281.png]
[nx-cdn.trgwl.com/Images/nexus-beta/light-blue/desktop/providers/tabs/arcade/MARIOCLUB-activef281.png]
[nx-cdn.trgwl.com/Images/nexus-beta/light-blue/desktop/providers/tabs/arcade/DRAGOONSOFTf281.png]
[nx-cdn.trgwl.com/Images/nexus-beta/light-blue/desktop/providers/tabs/arcade/DRAGOONSOFT-activef281.png]
[nx-cdn.trgwl.com/Images/nexus-beta/light-blue/desktop/providers/tabs/arcade/LIVE22f281.png]
[nx-cdn.trgwl.com/Images/nexus-beta/light-blue/desktop/providers/tabs/arcade/LIVE22-activef281.png]
[nx-cdn.trgwl.com/Images/nexus-beta/light-blue/desktop/providers/tabs/arcade/SBOCQ9f281.png]
[nx-cdn.trgwl.com/Images/nexus-beta/light-blue/desktop/providers/tabs/arcade/SBOCQ9-activef281.png]
[nx-cdn.trgwl.com/Images/nexus-beta/light-blue/desktop/providers/tabs/arcade/SPADEGAMINGf281.png]
[nx-cdn.trgwl.com/Images/nexus-beta/light-blue/desktop/providers/tabs/arcade/SPADEGAMING-activef281.png]
[nx-cdn.trgwl.com/Images/nexus-beta/light-blue/desktop/providers/tabs/arcade/FUNGAMINGf281.png]
[nx-cdn.trgwl.com/Images/nexus-beta/light-blue/desktop/providers/tabs/arcade/FUNGAMING-activef281.png]
[nx-cdn.trgwl.com/Images/nexus-beta/light-blue/desktop/providers/tabs/arcade/ARCADIAf281.png]
[nx-cdn.trgwl.com/Images/nexus-beta/light-blue/desktop/providers/tabs/arcade/ARCADIA-activef281.png]
[nx-cdn.trgwl.com/Images/nexus-beta/light-blue/desktop/providers/tabs/arcade/PLAYSTARf281.png]
[nx-cdn.trgwl.com/Images/nexus-beta/light-blue/desktop/providers/tabs/arcade/PLAYSTAR-activef281.png]
[nx-cdn.trgwl.com/Images/nexus-beta/light-blue/desktop/providers/tabs/arcade/ADVANTPLAYMINIGAMEf281.png]
[nx-cdn.trgwl.com/Images/nexus-beta/light-blue/desktop/providers/tabs/arcade/ADVANTPLAYMINIGAME-activef281.png]
[nx-cdn.trgwl.com/Images/nexus-beta/light-blue/desktop/providers/tabs/arcade/JDBf281.png]
[nx-cdn.trgwl.com/Images/nexus-beta/light-blue/desktop/providers/tabs/arcade/JDB-activef281.png]
[nx-cdn.trgwl.com/Images/nexus-beta/light-blue/desktop/providers/tabs/arcade/SBOFUNKYGAMEf281.png]
[nx-cdn.trgwl.com/Images/nexus-beta/light-blue/desktop/providers/tabs/arcade/SBOFUNKYGAME-activef281.png]
[roboslot.site/desktop/arcade/mm-tangkas.html]
[nx-cdn.trgwl.com/Images/nexus-beta/light-blue/desktop/providers/tabs/arcade/IXTTANGKASf281.png]
[nx-cdn.trgwl.com/Images/nexus-beta/light-blue/desktop/providers/tabs/arcade/IXTTANGKAS-activef281.png]
[roboslot.site/desktop/arcade/spribe.html]
[roboslot.site/desktop/slots/reel-kingdom.html]
[roboslot.site/desktop/slots.html]
[roboslot.site/desktop/slots/advantplay.html]
[roboslot.site/desktop/slots/habanero.html]
[roboslot.site/desktop/slots/joker.html]
[roboslot.site/desktop/slots/bigpot.html]
[roboslot.site/desktop/slots/vpower.html]
[roboslot.site/desktop/slots/fachai.html]
[roboslot.site/desktop/slots/jili.html]
[roboslot.site/desktop/slots/slot88.html]
[roboslot.site/desktop/slots/ion-slot.html]
[roboslot.site/desktop/slots/amb-slot.html]
[roboslot.site/desktop/slots/mario-club.html]
[roboslot.site/desktop/slots/dragoonsoft.html]
[roboslot.site/desktop/slots/live22.html]
[roboslot.site/desktop/slots/playstar.html]
[roboslot.site/desktop/slots/spade-gaming.html]
[roboslot.site/desktop/slots/fun-gaming.html]
[roboslot.site/desktop/slots/naga-games.html]
[roboslot.site/desktop/slots/jdb.html]
[roboslot.site/desktop/slots/cq9.html]
[roboslot.site/desktop/slots/ttg.html]
[roboslot.site/desktop/slots/betsoft.html]
[roboslot.site/desktop/slots/playtech.html]
[roboslot.site/desktop/slots/yggdrasil.html]
[roboslot.site/desktop/slots/playngo.html]
[roboslot.site/bundles/Arcade/nexus-beta-desktop-js3919]
[roboslot.site/desktop/slots/onetouch.html]
[roboslot.site/desktop/slots/real-time-gaming.html]
[roboslot.site/desktop/slots/funky-games.html]
[nx-cdn.trgwl.com/Images/nexus-beta/light-blue/desktop/providers/banners/casino/bannerf281.jpg]
[nx-cdn.trgwl.com/Images/nexus-beta/light-blue/desktop/providers/icons/casino/trgf281.png]
[nx-cdn.trgwl.com/Images/nexus-beta/light-blue/desktop/providers/icons/casino/pplivecasinof281.png]
[nx-cdn.trgwl.com/Images/nexus-beta/light-blue/desktop/providers/icons/casino/mglivecasinof281.png]
[nx-cdn.trgwl.com/Images/nexus-beta/light-blue/desktop/providers/icons/casino/evogamingf281.png]
[roboslot.site/desktop/casino/mg-live.html]
[nx-cdn.trgwl.com/Images/nexus-beta/light-blue/desktop/providers/icons/casino/sbosexybaccaratf281.png]
[roboslot.site/desktop/casino/sexy-baccarat.html]
[nx-cdn.trgwl.com/Images/nexus-beta/light-blue/desktop/providers/icons/casino/prettygamingf281.png]
[nx-cdn.trgwl.com/Images/nexus-beta/light-blue/desktop/providers/icons/casino/agf281.png]
[roboslot.site/desktop/casino/pretty-gaming.html]
[nx-cdn.trgwl.com/Images/nexus-beta/light-blue/desktop/providers/icons/casino/allbetf281.png]
[roboslot.site/desktop/casino/asia-gaming.html]
[nx-cdn.trgwl.com/Images/nexus-beta/light-blue/desktop/providers/icons/casino/pgslivef281.png]
[roboslot.site/desktop/casino/allbet.html]
[nx-cdn.trgwl.com/Images/nexus-beta/light-blue/desktop/providers/icons/casino/sagamingf281.png]
[roboslot.site/desktop/casino/pgs-live.html]
[nx-cdn.trgwl.com/Images/nexus-beta/light-blue/desktop/providers/icons/casino/ebetf281.png]
[roboslot.site/desktop/casino/sa-gaming.html]
[nx-cdn.trgwl.com/Images/nexus-beta/light-blue/desktop/providers/icons/casino/dreamgamingf281.png]
[roboslot.site/desktop/casino/ebet.html]
[nx-cdn.trgwl.com/Images/nexus-beta/light-blue/desktop/providers/icons/casino/sbocasinof281.png]
[roboslot.site/desktop/casino/dream-gaming.html]
[nx-cdn.trgwl.com/Images/nexus-beta/light-blue/desktop/providers/icons/casino/hkbf281.png]
[roboslot.site/desktop/casino/568win.html]
[nx-cdn.trgwl.com/Images/nexus-beta/light-blue/desktop/providers/icons/casino/sv388f281.png]
[roboslot.site/desktop/casino/hkb.html]
[roboslot.site/desktop/casino.html]
[roboslot.site/Content/Casino/nexus-beta-desktop-css71f1.css]
[nx-cdn.trgwl.com/Images/nexus-beta/light-blue/desktop/providers/banners/casino/pp-live-casinof281.png]
[roboslot.site/desktop/casino/sv388.html]
[roboslot.site/desktop/casino/pragmatic.html]
[nx-cdn.trgwl.com/Images/nexus-beta/light-blue/desktop/providers/banners/casino/evo-gamingf281.png]
[roboslot.site/desktop/casino/evo-gaming.html]
[nx-cdn.trgwl.com/Images/nexus-beta/light-blue/desktop/providers/banners/sports/bannerf281.jpg]
[roboslot.site/bundles/Casino/nexus-beta-desktop-js2c56]
[nx-cdn.trgwl.com/Images/nexus-beta/light-blue/desktop/providers/icons/sports/sbof281.png]
[nx-cdn.trgwl.com/Images/nexus-beta/light-blue/desktop/providers/icons/sports/ibcsportsf281.png]
[roboslot.site/desktop/sport/sbo-sportsbook.html]
[nx-cdn.trgwl.com/Images/nexus-beta/light-blue/desktop/providers/icons/sports/opusf281.png]
[roboslot.site/desktop/sport/saba-sportsbook.html]
[roboslot.site/desktop/sport/opus.html]
[nx-cdn.trgwl.com/Images/nexus-beta/light-blue/desktop/providers/icons/sports/wbetf281.png]
[roboslot.site/desktop/sport/wbet.html]
[nx-cdn.trgwl.com/Images/nexus-beta/light-blue/desktop/providers/icons/sports/imsportsbookf281.png]
[roboslot.site/desktop/sport/im-sportsbook.html]
[nx-cdn.trgwl.com/Images/nexus-beta/light-blue/desktop/providers/icons/sports/pinnaclef281.png]
[roboslot.site/desktop/sport/pinnacle.html]
[nx-cdn.trgwl.com/Images/nexus-beta/light-blue/desktop/providers/icons/sports/cmdf281.png]
[roboslot.site/desktop/sport/cmd.html]
[nx-cdn.trgwl.com/Images/nexus-beta/light-blue/desktop/providers/icons/sports/sbovirtualgamesf281.png]
[nx-cdn.trgwl.com/Images/nexus-beta/light-blue/desktop/providers/icons/sports/ppvirtualgamesf281.png]
[roboslot.site/desktop/sport/sbo-virtual-sports.html]
[roboslot.site/desktop/sport.html]
[roboslot.site/desktop/arcade.html]
[roboslot.site/desktop/arcade/microgaming.html]
[roboslot.site/desktop/arcade/crowd-play.html]
[roboslot.site/desktop/arcade/joker.html]
[roboslot.site/desktop/arcade/fachai.html]
[roboslot.site/desktop/arcade/jili.html]
[roboslot.site/desktop/arcade/amb-slot.html]
[roboslot.site/desktop/arcade/vpower.html]
[roboslot.site/desktop/arcade/mario-club.html]
[roboslot.site/desktop/arcade/dragoonsoft.html]
[roboslot.site/desktop/arcade/live22.html]
[roboslot.site/desktop/arcade/cq9.html]
[roboslot.site/desktop/arcade/spade-gaming.html]
[roboslot.site/desktop/arcade/fun-gaming.html]
[roboslot.site/desktop/arcade/arcadia.html]
[roboslot.site/desktop/arcade/playstar.html]
[roboslot.site/desktop/arcade/advantplay-mini-game.html]
[roboslot.site/desktop/arcade/jdb.html]
[roboslot.site/desktop/sport/pragmatic-virtual-sports.html]
[roboslot.site/desktop/arcade/funky-games.html]
[nx-cdn.trgwl.com/Images/nexus-beta/light-blue/desktop/providers/banners/poker/bannerf281.jpg]
[nx-cdn.trgwl.com/Images/nexus-beta/light-blue/desktop/providers/icons/poker/g8pokerf281.png]
[nx-cdn.trgwl.com/Images/nexus-beta/light-blue/desktop/providers/icons/poker/onepokerf281.png]
[roboslot.site/desktop/poker.html]
[roboslot.site/desktop/poker/9gaming.html]
[nx-cdn.trgwl.com/Images/nexus-beta/light-blue/desktop/providers/icons/sports/imonef281.png]
[nx-cdn.trgwl.com/Images/nexus-beta/light-blue/desktop/providers/icons/sports/pinnacleesportsf281.png]
[roboslot.site/desktop/e-sports/im-esports.html]
[roboslot.site/desktop/e-sports/pinnacle-esports.html]
[nx-cdn.trgwl.com/Images/nexus-beta/light-blue/desktop/providers/icons/sports/tfgamingf281.png]
[roboslot.site/desktop/e-sports.html]
[nx-cdn.trgwl.com/Images/nexus-beta/light-blue/desktop/providers/banners/others/bannerf281.jpg]
[roboslot.site/desktop/e-sports/tf-gaming.html]
[nx-cdn.trgwl.com/Images/nexus-beta/light-blue/desktop/providers/icons/others/balak4df281.png]
[roboslot.site/desktop/others.html]
[roboslot.site/Content/Promotions/nexus-beta-desktop-cssfe3c.css]
[nx-cdn.trgwl.com/Images/nexus-beta/light-blue/desktop/promotions/category-spritef281.png]
[roboslot.site/desktop/provider-event.html]
[roboslot.site/desktop/promotion/new-member.html]
[api2-rbs.tr8ngames.com/images/id_promo_fb0cfa1c-f4e1-485f-9837-fb619a180aab_1673960036857.jpg]
[roboslot.site/desktop/promotion/live-casino.html]
[api2-rbs.tr8ngames.com/images/id_promo_7b0bd4f1-39ec-4783-a0f9-fca5ad29720a_1673960261217.jpg]
[api2-rbs.tr8ngames.com/images/id_promo_4b6a1253-8eae-4d0a-b830-68e8869e5d67_1691292321690.310.delayed]
[roboslot.site/desktop/promotion.html]
[roboslot.site/fonts/glyphicons-halflings-regular.svg]
[roboslot.site/Content/Home/nexus-beta-mobile-css5033.css]
[roboslot.site/Content/Theme/nexus-beta-mobile-light-blue-css3b8c.css]
[roboslot.site/Content/nexus-beta-mobile-cssf7ab.css]
[roboslot.site/Content/Account/nexus-beta-mobile-login-panel-css544b.css]
[roboslot.site/mobile/forgot-password.html]
[roboslot.site/bundles/nexus-beta-mobile-js9926]
[roboslot.site/mobile/url(/nx-cdn.trgwl.com/Images/nexus-beta/light-blue/mobile/layout/login/background7d6e.jpg]
[roboslot.site/mobile/login.html]
[roboslot.site/Content/Register/nexus-beta-mobile-css1608.css]
[roboslot.site/bundles/Register/page-js3872]
[roboslot.site/mobile/register.html]
[roboslot.site/bundles/Slots/nexus-beta-mobile-js8114]
[roboslot.site/mobile/slots/pragmatic.html]
[roboslot.site/mobile/slots/ion-slot.html]
[nx-cdn.trgwl.com/Images/nexus-beta/light-blue/mobile/providers/shortcuts/ppf281.png]
[roboslot.site/mobile/casino/ion-casino.html]
[nx-cdn.trgwl.com/Images/nexus-beta/light-blue/mobile/providers/shortcuts/trgf281.png]
[nx-cdn.trgwl.com/Images/nexus-beta/light-blue/mobile/providers/shortcuts/microgamingf281.png]
[nx-cdn.trgwl.com/Images/nexus-beta/light-blue/mobile/providers/shortcuts/crowdplayf281.png]
[nx-cdn.trgwl.com/Images/nexus-beta/light-blue/mobile/providers/shortcuts/pgsoftf281.png]
[nx-cdn.trgwl.com/Images/nexus-beta/light-blue/mobile/providers/shortcuts/spribef281.png]
[nx-cdn.trgwl.com/Images/nexus-beta/light-blue/mobile/providers/shortcuts/reelkingdomf281.png]
[roboslot.site/mobile/poker/balak-play.html]
[nx-cdn.trgwl.com/Images/nexus-beta/light-blue/mobile/providers/shortcuts/g8pokerf281.png]
[roboslot.site/mobile/others/nex-4d.html]
[nx-cdn.trgwl.com/Images/nexus-beta/light-blue/mobile/providers/shortcuts/balak4df281.png]
[roboslot.site/mobile/hot-games.html]
[nx-cdn.trgwl.com/Images/nexus-beta/light-blue/mobile/providers/banners/slots/bannerf281.jpg]
[nx-cdn.trgwl.com/Images/nexus-beta/light-blue/mobile/providers/shortcuts/advantplayf281.png]
[nx-cdn.trgwl.com/Images/nexus-beta/light-blue/mobile/providers/shortcuts/habanerof281.png]
[nx-cdn.trgwl.com/Images/nexus-beta/light-blue/mobile/providers/shortcuts/jokerf281.png]
[nx-cdn.trgwl.com/Images/nexus-beta/light-blue/mobile/providers/shortcuts/bigpotf281.png]
[nx-cdn.trgwl.com/Images/nexus-beta/light-blue/mobile/providers/shortcuts/vpowerf281.png]
[nx-cdn.trgwl.com/Images/nexus-beta/light-blue/mobile/providers/shortcuts/fachaif281.png]
[nx-cdn.trgwl.com/Images/nexus-beta/light-blue/mobile/providers/shortcuts/jilif281.png]
[nx-cdn.trgwl.com/Images/nexus-beta/light-blue/mobile/providers/shortcuts/slot88f281.png]
[nx-cdn.trgwl.com/Images/nexus-beta/light-blue/mobile/providers/shortcuts/pgsf281.png]
[nx-cdn.trgwl.com/Images/nexus-beta/light-blue/mobile/providers/shortcuts/ambf281.png]
[nx-cdn.trgwl.com/Images/nexus-beta/light-blue/mobile/providers/shortcuts/marioclubf281.png]
[nx-cdn.trgwl.com/Images/nexus-beta/light-blue/mobile/providers/shortcuts/dragoonsoftf281.png]
[nx-cdn.trgwl.com/Images/nexus-beta/light-blue/mobile/providers/shortcuts/live22f281.png]
[nx-cdn.trgwl.com/Images/nexus-beta/light-blue/mobile/providers/shortcuts/playstarf281.png]
[nx-cdn.trgwl.com/Images/nexus-beta/light-blue/mobile/providers/shortcuts/spadegamingf281.png]
[nx-cdn.trgwl.com/Images/nexus-beta/light-blue/mobile/providers/shortcuts/fungamingf281.png]
[nx-cdn.trgwl.com/Images/nexus-beta/light-blue/mobile/providers/shortcuts/nagagamesf281.png]
[nx-cdn.trgwl.com/Images/nexus-beta/light-blue/mobile/providers/shortcuts/jdbf281.png]
[nx-cdn.trgwl.com/Images/nexus-beta/light-blue/mobile/providers/shortcuts/sbocq9f281.png]
[nx-cdn.trgwl.com/Images/nexus-beta/light-blue/mobile/providers/shortcuts/ttgf281.png]
[nx-cdn.trgwl.com/Images/nexus-beta/light-blue/mobile/providers/shortcuts/betsoftf281.png]
[nx-cdn.trgwl.com/Images/nexus-beta/light-blue/mobile/providers/shortcuts/playtechf281.png]
[nx-cdn.trgwl.com/Images/nexus-beta/light-blue/mobile/providers/shortcuts/yggdrasilf281.png]
[nx-cdn.trgwl.com/Images/nexus-beta/light-blue/mobile/providers/shortcuts/playngof281.png]
[nx-cdn.trgwl.com/Images/nexus-beta/light-blue/mobile/providers/shortcuts/onetouchf281.png]
[nx-cdn.trgwl.com/Images/nexus-beta/light-blue/mobile/providers/shortcuts/sborealtimegamingf281.png]
[nx-cdn.trgwl.com/Images/nexus-beta/light-blue/mobile/providers/shortcuts/sboflowgamingf281.png]
[roboslot.site/mobile/slots/flow-gaming.html]
[nx-cdn.trgwl.com/Images/nexus-beta/light-blue/mobile/providers/shortcuts/sbofunkygamef281.png]
[roboslot.site/mobile/slots.html]
[nx-cdn.trgwl.com/Images/nexus-beta/light-blue/mobile/providers/banners/casino/bannerf281.jpg]
[nx-cdn.trgwl.com/Images/nexus-beta/light-blue/mobile/providers/shortcuts/pplivecasinof281.png]
[roboslot.site/mobile/casino/mg-live.html]
[nx-cdn.trgwl.com/Images/nexus-beta/light-blue/mobile/providers/shortcuts/mglivecasinof281.png]
[nx-cdn.trgwl.com/Images/nexus-beta/light-blue/mobile/providers/shortcuts/evogamingf281.png]
[roboslot.site/mobile/casino/sexy-baccarat.html]
[nx-cdn.trgwl.com/Images/nexus-beta/light-blue/mobile/providers/shortcuts/sbosexybaccaratf281.png]
[nx-cdn.trgwl.com/Images/nexus-beta/light-blue/mobile/providers/shortcuts/prettygamingf281.png]
[roboslot.site/mobile/casino/pretty-gaming.html]
[nx-cdn.trgwl.com/Images/nexus-beta/light-blue/mobile/providers/shortcuts/agf281.png]
[roboslot.site/mobile/casino/asia-gaming.html]
[nx-cdn.trgwl.com/Images/nexus-beta/light-blue/mobile/providers/shortcuts/allbetf281.png]
[roboslot.site/mobile/casino/allbet.html]
[nx-cdn.trgwl.com/Images/nexus-beta/light-blue/mobile/providers/shortcuts/pgslivef281.png]
[roboslot.site/mobile/casino/pgs-live.html]
[nx-cdn.trgwl.com/Images/nexus-beta/light-blue/mobile/providers/shortcuts/sagamingf281.png]
[roboslot.site/mobile/casino/sa-gaming.html]
[nx-cdn.trgwl.com/Images/nexus-beta/light-blue/mobile/providers/shortcuts/ebetf281.png]
[roboslot.site/mobile/casino/ebet.html]
[nx-cdn.trgwl.com/Images/nexus-beta/light-blue/mobile/providers/shortcuts/dreamgamingf281.png]
[roboslot.site/mobile/casino/dream-gaming.html]
[nx-cdn.trgwl.com/Images/nexus-beta/light-blue/mobile/providers/shortcuts/sbocasinof281.png]
[roboslot.site/mobile/casino/568win.html]
[nx-cdn.trgwl.com/Images/nexus-beta/light-blue/mobile/providers/shortcuts/hkbf281.png]
[roboslot.site/mobile/casino/hkb.html]
[roboslot.site/mobile/casino/sv388.html]
[nx-cdn.trgwl.com/Images/nexus-beta/light-blue/mobile/providers/shortcuts/sv388f281.png]
[roboslot.site/mobile/casino.html]
[nx-cdn.trgwl.com/Images/nexus-beta/light-blue/mobile/providers/banners/sports/bannerf281.jpg]
[nx-cdn.trgwl.com/Images/nexus-beta/light-blue/mobile/providers/shortcuts/sbof281.png]
[roboslot.site/mobile/sport/sbo-sportsbook.html]
[nx-cdn.trgwl.com/Images/nexus-beta/light-blue/mobile/providers/shortcuts/ibcsportsf281.png]
[roboslot.site/mobile/sport/saba-sportsbook.html]
[nx-cdn.trgwl.com/Images/nexus-beta/light-blue/mobile/providers/shortcuts/opusf281.png]
[roboslot.site/mobile/sport/opus.html]
[roboslot.site/mobile/sport/wbet.html]
[nx-cdn.trgwl.com/Images/nexus-beta/light-blue/mobile/providers/shortcuts/wbetf281.png]
[nx-cdn.trgwl.com/Images/nexus-beta/light-blue/mobile/providers/shortcuts/imsportsbookf281.png]
[roboslot.site/mobile/sport/im-sportsbook.html]
[nx-cdn.trgwl.com/Images/nexus-beta/light-blue/mobile/providers/shortcuts/pinnaclef281.png]
[roboslot.site/mobile/sport/pinnacle.html]
[nx-cdn.trgwl.com/Images/nexus-beta/light-blue/mobile/providers/shortcuts/cmdf281.png]
[roboslot.site/mobile/sport/cmd.html]
[nx-cdn.trgwl.com/Images/nexus-beta/light-blue/mobile/providers/shortcuts/sbovirtualgamesf281.png]
[roboslot.site/mobile/sport/sbo-virtual-sports.html]
[roboslot.site/mobile/sport.html]
[nx-cdn.trgwl.com/Images/nexus-beta/light-blue/mobile/providers/shortcuts/ppvirtualgamesf281.png]
[nx-cdn.trgwl.com/Images/nexus-beta/light-blue/mobile/providers/banners/arcade/bannerf281.jpg]
[roboslot.site/mobile/sport/pragmatic-virtual-sports.html]
[nx-cdn.trgwl.com/Images/nexus-beta/light-blue/mobile/providers/shortcuts/microgamingfishingf281.png]
[nx-cdn.trgwl.com/Images/nexus-beta/light-blue/mobile/providers/shortcuts/crowdplayfishingf281.png]
[nx-cdn.trgwl.com/Images/nexus-beta/light-blue/mobile/providers/shortcuts/jokerfishingf281.png]
[nx-cdn.trgwl.com/Images/nexus-beta/light-blue/mobile/providers/shortcuts/fachaifishingf281.png]
[nx-cdn.trgwl.com/Images/nexus-beta/light-blue/mobile/providers/shortcuts/jilifishingf281.png]
[nx-cdn.trgwl.com/Images/nexus-beta/light-blue/mobile/providers/shortcuts/ambfishingf281.png]
[nx-cdn.trgwl.com/Images/nexus-beta/light-blue/mobile/providers/shortcuts/vpowerfishingf281.png]
[nx-cdn.trgwl.com/Images/nexus-beta/light-blue/mobile/providers/shortcuts/marioclubfishingf281.png]
[nx-cdn.trgwl.com/Images/nexus-beta/light-blue/mobile/providers/shortcuts/dragoonsoftfishingf281.png]
[nx-cdn.trgwl.com/Images/nexus-beta/light-blue/mobile/providers/shortcuts/live22fishingf281.png]
[nx-cdn.trgwl.com/Images/nexus-beta/light-blue/mobile/providers/shortcuts/sbocq9fishingf281.png]
[nx-cdn.trgwl.com/Images/nexus-beta/light-blue/mobile/providers/shortcuts/spadegamingfishingf281.png]
[nx-cdn.trgwl.com/Images/nexus-beta/light-blue/mobile/providers/shortcuts/fungamingfishingf281.png]
[nx-cdn.trgwl.com/Images/nexus-beta/light-blue/mobile/providers/shortcuts/arcadiaf281.png]
[nx-cdn.trgwl.com/Images/nexus-beta/light-blue/mobile/providers/shortcuts/playstarfishingf281.png]
[nx-cdn.trgwl.com/Images/nexus-beta/light-blue/mobile/providers/shortcuts/advantplayminigamef281.png]
[nx-cdn.trgwl.com/Images/nexus-beta/light-blue/mobile/providers/shortcuts/jdbfishingf281.png]
[nx-cdn.trgwl.com/Images/nexus-beta/light-blue/mobile/providers/shortcuts/sbofunkygamefishingf281.png]
[roboslot.site/mobile/arcade/mm-tangkas.html]
[nx-cdn.trgwl.com/Images/nexus-beta/light-blue/mobile/providers/shortcuts/ixttangkasf281.png]
[roboslot.site/mobile/arcade.html]
[nx-cdn.trgwl.com/Images/nexus-beta/light-blue/mobile/providers/banners/poker/bannerf281.jpg]
[nx-cdn.trgwl.com/Images/nexus-beta/light-blue/mobile/providers/shortcuts/onepokerf281.png]
[roboslot.site/mobile/poker/9gaming.html]
[roboslot.site/mobile/poker.html]
[nx-cdn.trgwl.com/Images/nexus-beta/light-blue/mobile/providers/shortcuts/imonef281.png]
[roboslot.site/mobile/e-sports/im-esports.html]
[nx-cdn.trgwl.com/Images/nexus-beta/light-blue/mobile/providers/shortcuts/pinnacleesportsf281.png]
[roboslot.site/mobile/e-sports/pinnacle-esports.html]
[nx-cdn.trgwl.com/Images/nexus-beta/light-blue/mobile/providers/shortcuts/tfgamingf281.png]
[roboslot.site/mobile/e-sports.html]
[roboslot.site/mobile/e-sports/tf-gaming.html]
[nx-cdn.trgwl.com/Images/nexus-beta/light-blue/mobile/providers/banners/others/bannerf281.jpg]
[roboslot.site/mobile/others.html]
[roboslot.site/Content/InfoCenter/nexus-beta-mobile-css95a9.css]
[roboslot.site/mobile/about-us.html]
[roboslot.site/mobile/responsible-gaming.html]
[roboslot.site/not-found9e54]
[roboslot.site/mobile/faq.html]
[roboslot.site/mobile/terms-of-use.html]
[roboslot.site/Content/Promotions/nexus-beta-mobile-css35e6.css]
[roboslot.site/mobile/provider-event.html]
[roboslot.site/mobile/promotion/new-member.html]
[roboslot.site/mobile/promotion/live-casino.html]
[roboslot.site/mobile/promotion/details/fb0cfa1c-f4e1-485f-9837-fb619a180aab.html]
[roboslot.site/mobile/promotion/details/7b0bd4f1-39ec-4783-a0f9-fca5ad29720a.html]
[roboslot.site/mobile/promotion.html]
[roboslot.site/mobile/promotion/details/4b6a1253-8eae-4d0a-b830-68e8869e5d67.html]
[roboslot.site/Content/ContactUs/nexus-beta-mobile-cssd554.css]
[roboslot.site/mobile/contact-us.html]
[roboslot.site/mobile/slots/microgaming.html]
[roboslot.site/mobile/slots/crowd-play.html]
[roboslot.site/mobile/slots/pgsoft.html]
[roboslot.site/bundles/Arcade/nexus-beta-mobile-jsa33e]
[roboslot.site/mobile/arcade/spribe.html]
[roboslot.site/mobile/slots/reel-kingdom.html]
[roboslot.site/mobile/slots/advantplay.html]
[roboslot.site/mobile/slots/habanero.html]
[roboslot.site/mobile/slots/joker.html]
[roboslot.site/mobile/slots/bigpot.html]
[roboslot.site/mobile/slots/vpower.html]
[roboslot.site/mobile/slots/fachai.html]
[roboslot.site/mobile/slots/jili.html]
[roboslot.site/mobile/slots/slot88.html]
[roboslot.site/mobile/slots/amb-slot.html]
[roboslot.site/mobile/slots/mario-club.html]
[roboslot.site/mobile/slots/dragoonsoft.html]
[roboslot.site/mobile/slots/live22.html]
[roboslot.site/mobile/slots/playstar.html]
[roboslot.site/mobile/slots/spade-gaming.html]
[roboslot.site/mobile/slots/fun-gaming.html]
[roboslot.site/mobile/slots/naga-games.html]
[roboslot.site/mobile/slots/jdb.html]
[roboslot.site/mobile/slots/cq9.html]
[roboslot.site/mobile/slots/ttg.html]
[roboslot.site/mobile/slots/betsoft.html]
[roboslot.site/mobile/slots/playtech.html]
[roboslot.site/mobile/slots/yggdrasil.html]
[roboslot.site/mobile/slots/playngo.html]
[roboslot.site/mobile/slots/onetouch.html]
[roboslot.site/mobile/slots/real-time-gaming.html]
[roboslot.site/mobile/slots/funky-games.html]
[roboslot.site/bundles/Casino/nexus-beta-mobile-js7672]
[roboslot.site/mobile/casino/pragmatic.html]
[roboslot.site/mobile/casino/evo-gaming.html]
[roboslot.site/mobile/arcade/microgaming.html]
[roboslot.site/mobile/arcade/crowd-play.html]
[roboslot.site/mobile/arcade/joker.html]
[roboslot.site/mobile/arcade/fachai.html]
[roboslot.site/mobile/arcade/jili.html]
[roboslot.site/mobile/arcade/amb-slot.html]
[roboslot.site/mobile/arcade/vpower.html]
[roboslot.site/mobile/arcade/mario-club.html]
[roboslot.site/mobile/arcade/dragoonsoft.html]
[roboslot.site/mobile/arcade/live22.html]
[roboslot.site/mobile/arcade/cq9.html]
[roboslot.site/mobile/arcade/spade-gaming.html]
[roboslot.site/mobile/arcade/fun-gaming.html]
[roboslot.site/mobile/arcade/arcadia.html]
[roboslot.site/mobile/arcade/playstar.html]
[roboslot.site/mobile/arcade/advantplay-mini-game.html]
[roboslot.site/mobile/arcade/jdb.html]
[roboslot.site/mobile/arcade/funky-games.html]
[nx-cdn.trgwl.com/Images/nexus-beta/light-blue/desktop/backgrounds/casino/trgf281.jpg]
[nx-cdn.trgwl.com/Images/nexus-beta/light-blue/desktop/decorations/dices/dice-1f281.png]
[nx-cdn.trgwl.com/Images/nexus-beta/light-blue/desktop/decorations/chips/chip-4f281.png]
[nx-cdn.trgwl.com/Images/nexus-beta/light-blue/desktop/decorations/dices/dice-2f281.png]
[roboslot.site/desktop/casino/ion-casino.html]
[roboslot.site/Content/Poker/nexus-beta-desktop-css04da.css]
[nx-cdn.trgwl.com/Images/nexus-beta/light-blue/desktop/backgrounds/pokerf281.jpg]
[nx-cdn.trgwl.com/Images/nexus-beta/light-blue/desktop/providers/banners/poker/balak-playf281.png]
[nx-cdn.trgwl.com/Images/nexus-beta/light-blue/desktop/decorations/chips/chip-1f281.png]
[nx-cdn.trgwl.com/Images/nexus-beta/light-blue/desktop/decorations/chips/chip-2f281.png]
[nx-cdn.trgwl.com/Images/nexus-beta/light-blue/desktop/decorations/chips/chip-3f281.png]
[roboslot.site/desktop/poker/balak-play.html]
[roboslot.site/Content/Others/nexus-beta-desktop-css0285.css]
[nx-cdn.trgwl.com/Images/nexus-beta/light-blue/desktop/backgrounds/othersf281.jpg]
[nx-cdn.trgwl.com/Images/nexus-beta/light-blue/desktop/providers/banners/others/balak4df281.png]
[nx-cdn.trgwl.com/Images/nexus-beta/light-blue/desktop/decorations/balls/ball-1f281.png]
[nx-cdn.trgwl.com/Images/nexus-beta/light-blue/desktop/decorations/balls/ball-2f281.png]
[nx-cdn.trgwl.com/Images/nexus-beta/light-blue/desktop/decorations/balls/ball-3f281.png]
[nx-cdn.trgwl.com/Images/nexus-beta/light-blue/desktop/decorations/balls/ball-4f281.png]
[roboslot.site/desktop/others/nex-4d.html]
[roboslot.site/Content/Slots/nexus-beta-desktop-csse96c.css]
[nx-cdn.trgwl.com/Images/nexus-beta/light-blue/desktop/providers/icons/slots/sboflowgamingf281.jpg]
[roboslot.site/desktop/slots/flow-gaming.html]
[roboslot.site/Content/Arcade/nexus-beta-desktop-css5904.css]
[nx-cdn.trgwl.com/Images/nexus-beta/light-blue/desktop/providers/icons/arcade/ixttangkasf281.jpg]
[roboslot.site/desktop/arcade/mm-tangkas.html]
[nx-cdn.trgwl.com/Images/nexus-beta/light-blue/desktop/backgrounds/casino/mglivef281.jpg]
[roboslot.site/desktop/casino/mg-live.html]
[nx-cdn.trgwl.com/Images/nexus-beta/light-blue/desktop/backgrounds/casino/sexy-baccaratf281.jpg]
[nx-cdn.trgwl.com/Images/nexus-beta/light-blue/desktop/decorations/cards/card-3f281.png]
[nx-cdn.trgwl.com/Images/nexus-beta/light-blue/desktop/decorations/cards/card-4f281.png]
[roboslot.site/desktop/casino/sexy-baccarat.html]
[nx-cdn.trgwl.com/Images/nexus-beta/light-blue/desktop/backgrounds/casino/pretty-gamingf281.jpg]
[nx-cdn.trgwl.com/Images/nexus-beta/light-blue/desktop/decorations/cards/card-1f281.png]
[nx-cdn.trgwl.com/Images/nexus-beta/light-blue/desktop/decorations/cards/card-2f281.png]
[roboslot.site/desktop/casino/pretty-gaming.html]
[nx-cdn.trgwl.com/Images/nexus-beta/light-blue/desktop/backgrounds/casino/agf281.jpg]
[roboslot.site/desktop/casino/asia-gaming.html]
[nx-cdn.trgwl.com/Images/nexus-beta/light-blue/desktop/backgrounds/casino/allbetf281.jpg]
[roboslot.site/desktop/casino/allbet.html]
[nx-cdn.trgwl.com/Images/nexus-beta/light-blue/desktop/backgrounds/casino/pgslivef281.jpg]
[roboslot.site/desktop/casino/pgs-live.html]
[nx-cdn.trgwl.com/Images/nexus-beta/light-blue/desktop/backgrounds/casino/sa-gamingf281.jpg]
[roboslot.site/desktop/casino/sa-gaming.html]
[nx-cdn.trgwl.com/Images/nexus-beta/light-blue/desktop/backgrounds/casino/ebetf281.jpg]
[roboslot.site/desktop/casino/ebet.html]
[nx-cdn.trgwl.com/Images/nexus-beta/light-blue/desktop/backgrounds/casino/dreamgamingf281.jpg]
[roboslot.site/desktop/casino/dream-gaming.html]
[nx-cdn.trgwl.com/Images/nexus-beta/light-blue/desktop/backgrounds/casino/sbof281.jpg]
[roboslot.site/desktop/casino/568win.html]
[nx-cdn.trgwl.com/Images/nexus-beta/light-blue/desktop/backgrounds/casino/hkbf281.jpg]
[roboslot.site/desktop/casino/hkb.html]
[nx-cdn.trgwl.com/Images/nexus-beta/light-blue/desktop/backgrounds/casino/sv388f281.jpg]
[roboslot.site/desktop/casino/sv388.html]
[roboslot.site/Content/Casino/nexus-beta-desktop-css71f1.css]
[roboslot.site/Content/Sports/nexus-beta-desktop-css3eb2.css]
[nx-cdn.trgwl.com/Images/nexus-beta/light-blue/desktop/backgrounds/sportsf281.jpg]
[nx-cdn.trgwl.com/Images/nexus-beta/light-blue/desktop/providers/banners/sports/sbof281.png]
[roboslot.site/bundles/Sports/nexus-beta-desktop-jsb9d1]
[roboslot.site/desktop/sport/sbo-sportsbook.html]
[nx-cdn.trgwl.com/Images/nexus-beta/light-blue/desktop/providers/banners/sports/ibcsportsf281.png]
[roboslot.site/desktop/sport/saba-sportsbook.html]
[nx-cdn.trgwl.com/Images/nexus-beta/light-blue/desktop/providers/banners/sports/opusf281.png]
[roboslot.site/desktop/sport/opus.html]
[nx-cdn.trgwl.com/Images/nexus-beta/light-blue/desktop/providers/banners/sports/wbetf281.png]
[roboslot.site/desktop/sport/wbet.html]
[nx-cdn.trgwl.com/Images/nexus-beta/light-blue/desktop/providers/banners/sports/im-sportsbookf281.png]
[roboslot.site/desktop/sport/im-sportsbook.html]
[nx-cdn.trgwl.com/Images/nexus-beta/light-blue/desktop/providers/banners/sports/pinnaclef281.png]
[roboslot.site/desktop/sport/pinnacle.html]
[nx-cdn.trgwl.com/Images/nexus-beta/light-blue/desktop/providers/banners/sports/cmdf281.png]
[roboslot.site/desktop/sport/cmd.html]
[nx-cdn.trgwl.com/Images/nexus-beta/light-blue/desktop/providers/banners/sports/sbovirtualgamesf281.png]
[roboslot.site/desktop/sport/sbo-virtual-sports.html]
[nx-cdn.trgwl.com/Images/nexus-beta/light-blue/desktop/providers/banners/sports/ppvirtualgamesf281.png]
[roboslot.site/desktop/sport/pragmatic-virtual-sports.html]
[nx-cdn.trgwl.com/Images/nexus-beta/light-blue/desktop/providers/banners/poker/1gamingf281.png]
[nx-cdn.trgwl.com/Images/nexus-beta/light-blue/desktop/decorations/cards/card-5f281.png]
[nx-cdn.trgwl.com/Images/nexus-beta/light-blue/desktop/decorations/cards/card-6f281.png]
[nx-cdn.trgwl.com/Images/nexus-beta/light-blue/desktop/decorations/cards/card-7f281.png]
[roboslot.site/desktop/poker/9gaming.html]
[roboslot.site/Content/ESports/nexus-beta-desktop-css3eb2.css]
[nx-cdn.trgwl.com/Images/nexus-beta/light-blue/desktop/providers/banners/sports/im-esportsf281.png]
[roboslot.site/desktop/e-sports/im-esports.html]
[nx-cdn.trgwl.com/Images/nexus-beta/light-blue/desktop/providers/banners/sports/pinnacle-esportsf281.png]
[roboslot.site/desktop/e-sports/pinnacle-esports.html]
[nx-cdn.trgwl.com/Images/nexus-beta/light-blue/desktop/providers/banners/sports/tfgamingf281.png]
[roboslot.site/desktop/e-sports/tf-gaming.html]
[roboslot.site/Content/Promotions/nexus-beta-desktop-cssfe3c.css]
[roboslot.site/desktop/provider-event.html]
[roboslot.site/desktop/promotion/new-member.html]
[roboslot.site/desktop/promotion/live-casino.html]
[api2-rbs.tr8ngames.com/images/id_promo_4b6a1253-8eae-4d0a-b830-68e8869e5d67_1691292321690.json]
[roboslot.site/Content/nexus-beta-mobile-cssf7ab.css]
[roboslot.site/Content/Account/nexus-beta-mobile-login-panel-css544b.css]
[roboslot.site/Content/Account/nexus-beta-forgot-password-css7880.css]
[roboslot.site/bundles/forgot-password-jse62d]
[roboslot.site/mobile/forgot-password.html]
[roboslot.site/mobile/url(/nx-cdn.trgwl.com/Images/nexus-beta/light-blue/mobile/layout/login/background7d6e.html]
[roboslot.site/Content/Register/nexus-beta-mobile-css1608.css]
[nx-cdn.trgwl.com/Images/nexus-beta/light-blue/mobile/providers/banners/casino/trgf281.jpg]
[roboslot.site/mobile/casino/ion-casino.html]
[nx-cdn.trgwl.com/Images/nexus-beta/light-blue/mobile/providers/banners/poker/g8pokerf281.jpg]
[roboslot.site/mobile/poker/balak-play.html]
[nx-cdn.trgwl.com/Images/nexus-beta/light-blue/mobile/providers/banners/others/balak4df281.jpg]
[roboslot.site/mobile/others/nex-4d.html]
[nx-cdn.trgwl.com/Images/nexus-beta/light-blue/mobile/providers/banners/slots/sboflowgamingf281.jpg]
[roboslot.site/mobile/slots/flow-gaming.html]
[nx-cdn.trgwl.com/Images/nexus-beta/light-blue/mobile/providers/banners/casino/mglivef281.jpg]
[roboslot.site/mobile/casino/mg-live.html]
[nx-cdn.trgwl.com/Images/nexus-beta/light-blue/mobile/providers/banners/casino/sbosexybaccaratf281.jpg]
[roboslot.site/mobile/casino/sexy-baccarat.html]
[nx-cdn.trgwl.com/Images/nexus-beta/light-blue/mobile/providers/banners/casino/prettygamingf281.jpg]
[roboslot.site/mobile/casino/pretty-gaming.html]
[nx-cdn.trgwl.com/Images/nexus-beta/light-blue/mobile/providers/banners/casino/agf281.jpg]
[roboslot.site/mobile/casino/asia-gaming.html]
[nx-cdn.trgwl.com/Images/nexus-beta/light-blue/mobile/providers/banners/casino/allbetf281.jpg]
[roboslot.site/mobile/casino/allbet.html]
[nx-cdn.trgwl.com/Images/nexus-beta/light-blue/mobile/providers/banners/casino/pgslivef281.jpg]
[roboslot.site/mobile/casino/pgs-live.html]
[nx-cdn.trgwl.com/Images/nexus-beta/light-blue/mobile/providers/banners/casino/sa-gamingf281.jpg]
[roboslot.site/mobile/casino/sa-gaming.html]
[nx-cdn.trgwl.com/Images/nexus-beta/light-blue/mobile/providers/banners/casino/ebetf281.jpg]
[roboslot.site/mobile/casino/ebet.html]
[nx-cdn.trgwl.com/Images/nexus-beta/light-blue/mobile/providers/banners/casino/dreamgamingf281.jpg]
[roboslot.site/mobile/casino/dream-gaming.html]
[nx-cdn.trgwl.com/Images/nexus-beta/light-blue/mobile/providers/banners/casino/sbocasinof281.jpg]
[roboslot.site/mobile/casino/568win.html]
[nx-cdn.trgwl.com/Images/nexus-beta/light-blue/mobile/providers/banners/casino/hkbf281.jpg]
[roboslot.site/mobile/casino/hkb.html]
[nx-cdn.trgwl.com/Images/nexus-beta/light-blue/mobile/providers/banners/casino/sv388f281.jpg]
[roboslot.site/mobile/casino/sv388.html]
[nx-cdn.trgwl.com/Images/nexus-beta/light-blue/mobile/providers/banners/sports/sbof281.jpg]
[roboslot.site/mobile/sport/sbo-sportsbook.html]
[nx-cdn.trgwl.com/Images/nexus-beta/light-blue/mobile/providers/banners/sports/ibcsportsf281.jpg]
[roboslot.site/mobile/sport/saba-sportsbook.html]
[nx-cdn.trgwl.com/Images/nexus-beta/light-blue/mobile/providers/banners/sports/opusf281.jpg]
[roboslot.site/mobile/sport/opus.html]
[nx-cdn.trgwl.com/Images/nexus-beta/light-blue/mobile/providers/banners/sports/wbetf281.jpg]
[roboslot.site/mobile/sport/wbet.html]
[nx-cdn.trgwl.com/Images/nexus-beta/light-blue/mobile/providers/banners/sports/im-sportsbookf281.jpg]
[roboslot.site/mobile/sport/im-sportsbook.html]
[nx-cdn.trgwl.com/Images/nexus-beta/light-blue/mobile/providers/banners/sports/pinnaclef281.jpg]
[roboslot.site/mobile/sport/pinnacle.html]
[nx-cdn.trgwl.com/Images/nexus-beta/light-blue/mobile/providers/banners/sports/cmdf281.jpg]
[roboslot.site/mobile/sport/cmd.html]
[nx-cdn.trgwl.com/Images/nexus-beta/light-blue/mobile/providers/banners/sports/sbovirtualgamesf281.jpg]
[roboslot.site/mobile/sport/sbo-virtual-sports.html]
[nx-cdn.trgwl.com/Images/nexus-beta/light-blue/mobile/providers/banners/sports/ppvirtualgamesf281.jpg]
[roboslot.site/mobile/sport/pragmatic-virtual-sports.html]
[nx-cdn.trgwl.com/Images/nexus-beta/light-blue/mobile/providers/banners/arcade/ixttangkasf281.jpg]
[roboslot.site/mobile/arcade/mm-tangkas.html]
[nx-cdn.trgwl.com/Images/nexus-beta/light-blue/mobile/providers/banners/poker/onepokerf281.jpg]
[roboslot.site/mobile/poker/9gaming.html]
[nx-cdn.trgwl.com/Images/nexus-beta/light-blue/mobile/providers/banners/sports/im-esportsf281.jpg]
[roboslot.site/mobile/e-sports/im-esports.html]
[nx-cdn.trgwl.com/Images/nexus-beta/light-blue/mobile/providers/banners/sports/pinnacle-esportsf281.jpg]
[roboslot.site/mobile/e-sports/pinnacle-esports.html]
[nx-cdn.trgwl.com/Images/nexus-beta/light-blue/mobile/providers/banners/sports/tfgamingf281.jpg]
[roboslot.site/mobile/e-sports/tf-gaming.html]
[roboslot.site/Content/InfoCenter/nexus-beta-mobile-css95a9.css]
[roboslot.site/not-found9e54.html]
[roboslot.site/Content/Promotions/nexus-beta-mobile-css35e6.css]
[roboslot.site/mobile/provider-event.html]
[roboslot.site/mobile/promotion/new-member.html]
[api2-rbs.tr8ngames.com/images/id_promo_4b6a1253-8eae-4d0a-b830-68e8869e5d67_1691292922030.jpg]
[roboslot.site/mobile/promotion/live-casino.html]
[roboslot.site/mobile/promotion/details/fb0cfa1c-f4e1-485f-9837-fb619a180aab.html]
[roboslot.site/mobile/promotion/details/7b0bd4f1-39ec-4783-a0f9-fca5ad29720a.html]
[roboslot.site/mobile/promotion/details/4b6a1253-8eae-4d0a-b830-68e8869e5d67.html]
[roboslot.site/Content/ContactUs/nexus-beta-mobile-cssd554.css]
[roboslot.site/Content/Poker/nexus-beta-desktop-css04da.css]
[roboslot.site/Content/Others/nexus-beta-desktop-css0285.css]
[roboslot.site/Content/Sports/nexus-beta-desktop-css3eb2.css]
[roboslot.site/Content/ESports/nexus-beta-desktop-css3eb2.css]
[roboslot.site/Content/Account/nexus-beta-forgot-password-css7880.css]
